Archive member included to satisfy reference by file (symbol)

app/libapp.a(main.c.obj)      (--whole-archive)
zephyr/libzephyr.a(heap.c.obj)
                              (--whole-archive)
zephyr/libzephyr.a(cbprintf_packaged.c.obj)
                              (--whole-archive)
zephyr/libzephyr.a(printk.c.obj)
                              (--whole-archive)
zephyr/libzephyr.a(sem.c.obj)
                              (--whole-archive)
zephyr/libzephyr.a(thread_entry.c.obj)
                              (--whole-archive)
zephyr/libzephyr.a(cbprintf_complete.c.obj)
                              (--whole-archive)
zephyr/libzephyr.a(assert.c.obj)
                              (--whole-archive)
zephyr/libzephyr.a(dec.c.obj)
                              (--whole-archive)
zephyr/libzephyr.a(hex.c.obj)
                              (--whole-archive)
zephyr/libzephyr.a(rb.c.obj)  (--whole-archive)
zephyr/libzephyr.a(timeutil.c.obj)
                              (--whole-archive)
zephyr/libzephyr.a(bitarray.c.obj)
                              (--whole-archive)
zephyr/libzephyr.a(configs.c.obj)
                              (--whole-archive)
zephyr/libzephyr.a(soc.c.obj)
                              (--whole-archive)
zephyr/libzephyr.a(mem_attr.c.obj)
                              (--whole-archive)
zephyr/libzephyr.a(tracing_none.c.obj)
                              (--whole-archive)
zephyr/libzephyr.a(system_efr32mg24.c.obj)
                              (--whole-archive)
zephyr/libzephyr.a(em_system.c.obj)
                              (--whole-archive)
zephyr/libzephyr.a(sl_clock_manager.c.obj)
                              (--whole-archive)
zephyr/libzephyr.a(sl_clock_manager_hal_s2.c.obj)
                              (--whole-archive)
zephyr/libzephyr.a(sl_clock_manager_init.c.obj)
                              (--whole-archive)
zephyr/libzephyr.a(sl_clock_manager_init_hal_s2.c.obj)
                              (--whole-archive)
zephyr/libzephyr.a(sl_device_peripheral_hal_efr32xg24.c.obj)
                              (--whole-archive)
zephyr/libzephyr.a(sl_device_gpio_common.c.obj)
                              (--whole-archive)
zephyr/libzephyr.a(sl_device_clock.c.obj)
                              (--whole-archive)
zephyr/libzephyr.a(sl_device_gpio.c.obj)
                              (--whole-archive)
zephyr/libzephyr.a(sl_device_peripheral.c.obj)
                              (--whole-archive)
zephyr/libzephyr.a(sli_memory_profiler_stubs.c.obj)
                              (--whole-archive)
zephyr/libzephyr.a(sl_device_clock_efr32xg24.c.obj)
                              (--whole-archive)
zephyr/libzephyr.a(sl_hal_sysrtc.c.obj)
                              (--whole-archive)
zephyr/libzephyr.a(sl_sleeptimer_hal_rtcc.c.obj)
                              (--whole-archive)
zephyr/libzephyr.a(sl_sleeptimer_hal_sysrtc.c.obj)
                              (--whole-archive)
zephyr/libzephyr.a(sl_sleeptimer.c.obj)
                              (--whole-archive)
zephyr/libzephyr.a(em_cmu.c.obj)
                              (--whole-archive)
zephyr/libzephyr.a(sl_device_init_dcdc_s2.c.obj)
                              (--whole-archive)
zephyr/libzephyr.a(sl_slist.c.obj)
                              (--whole-archive)
zephyr/libzephyr.a(em_core.c.obj)
                              (--whole-archive)
zephyr/libzephyr.a(sl_core_cortexm.c.obj)
                              (--whole-archive)
zephyr/libzephyr.a(em_emu.c.obj)
                              (--whole-archive)
zephyr/libzephyr.a(em_gpio.c.obj)
                              (--whole-archive)
zephyr/libzephyr.a(em_i2c.c.obj)
                              (--whole-archive)
zephyr/libzephyr.a(em_prs.c.obj)
                              (--whole-archive)
zephyr/libzephyr.a(em_usart.c.obj)
                              (--whole-archive)
zephyr/libzephyr.a(em_se.c.obj)
                              (--whole-archive)
zephyr/libzephyr.a(sl_se_manager.c.obj)
                              (--whole-archive)
zephyr/libzephyr.a(sl_se_manager_util.c.obj)
                              (--whole-archive)
zephyr/libzephyr.a(sli_se_manager_mailbox.c.obj)
                              (--whole-archive)
zephyr/libzephyr.a(sl_memory_manager_shim.c.obj)
                              (--whole-archive)
zephyr/arch/common/libarch__common.a(sw_isr_common.c.obj)
                              (--whole-archive)
zephyr/arch/arch/arm/core/libarch__arm__core.a(fatal.c.obj)
                              (--whole-archive)
zephyr/arch/arch/arm/core/libarch__arm__core.a(nmi.c.obj)
                              (--whole-archive)
zephyr/arch/arch/arm/core/libarch__arm__core.a(nmi_on_reset.S.obj)
                              (--whole-archive)
zephyr/arch/arch/arm/core/libarch__arm__core.a(tls.c.obj)
                              (--whole-archive)
zephyr/arch/arch/arm/core/cortex_m/libarch__arm__core__cortex_m.a(exc_exit.c.obj)
                              (--whole-archive)
[...]
Memory Configuration

Name             Origin             Length             Attributes
FLASH            0x0000000008000000 0x0000000000180000 xr
RAM              0x0000000020000000 0x0000000000040000 xw
IDT_LIST         0x00000000ffff7fff 0x0000000000008000 xw
*default*        0x0000000000000000 0xffffffffffffffff

Linker script and memory map

                0x00000000080047a4                vfprintf = __l_vfprintf
                0x0000000000000000                vfscanf = __l_vfscanf
LOAD zephyr/CMakeFiles/zephyr_final.dir/misc/empty_file.c.obj
LOAD zephyr/CMakeFiles/zephyr_final.dir/isr_tables.c.obj
LOAD zephyr/CMakeFiles/offsets.dir/./arch/arm/core/offsets/offsets.c.obj
LOAD app/libapp.a
LOAD zephyr/libzephyr.a
LOAD zephyr/arch/common/libarch__common.a
LOAD zephyr/arch/arch/arm/core/libarch__arm__core.a
LOAD zephyr/arch/arch/arm/core/cortex_m/libarch__arm__core__cortex_m.a
LOAD zephyr/arch/arch/arm/core/cortex_m/cmse/libarch__arm__core__cortex_m__cmse.a
LOAD zephyr/arch/arch/arm/core/mpu/libarch__arm__core__mpu.a
LOAD zephyr/lib/libc/picolibc/liblib__libc__picolibc.a
LOAD zephyr/lib/libc/common/liblib__libc__common.a
LOAD zephyr/drivers/clock_control/libdrivers__clock_control.a
LOAD zephyr/drivers/console/libdrivers__console.a
LOAD zephyr/drivers/gpio/libdrivers__gpio.a
LOAD zephyr/drivers/i2c/libdrivers__i2c.a
LOAD zephyr/drivers/pinctrl/libdrivers__pinctrl.a
LOAD zephyr/drivers/serial/libdrivers__serial.a
LOAD zephyr/drivers/timer/libdrivers__timer.a
LOAD zephyr/kernel/libkernel.a
LOAD zephyr/arch/common/libisr_tables.a
LOAD /home/kavin/zephyr-sdk-0.17.0/arm-zephyr-eabi/bin/../lib/gcc/../../picolibc/arm-zephyr-eabi/lib/thumb/v8-m.main/nofp/libc.a
LOAD /home/kavin/zephyr-sdk-0.17.0/arm-zephyr-eabi/bin/../lib/gcc/arm-zephyr-eabi/12.2.0/thumb/v8-m.main/nofp/libgcc.a
                0x0000000000000020                _region_min_align = 0x20

.rel.plt        0x0000000008000000        0x0
 *(SORT_BY_ALIGNMENT(.rel.plt))
                [!provide]                        PROVIDE (__rel_iplt_start = .)
 *(SORT_BY_ALIGNMENT(.rel.iplt))
 .rel.iplt      0x0000000008000000        0x0 zephyr/CMakeFiles/zephyr_final.dir/isr_tables.c.obj
                [!provide]                        PROVIDE (__rel_iplt_end = .)

.rela.plt       0x0000000000000000        0x0
 *(SORT_BY_ALIGNMENT(.rela.plt))
                [!provide]                        PROVIDE (__rela_iplt_start = .)
 *(SORT_BY_ALIGNMENT(.rela.iplt))
                [!provide]                        PROVIDE (__rela_iplt_end = .)

.rel.dyn
 *(SORT_BY_ALIGNMENT(.rel.*))

.rela.dyn
 *(SORT_BY_ALIGNMENT(.rela.*))

/DISCARD/
 *(SORT_BY_ALIGNMENT(.plt))

/DISCARD/
 *(SORT_BY_ALIGNMENT(.iplt))
                0x0000000008000000                __rom_region_start = 0x8000000

rom_start       0x0000000008000000      0x16c
                0x0000000008000000                __rom_start_address = .
 FILL mask 0x00
                0x0000000008000000                . = (. + (0x0 - (. - __rom_start_address)))
                0x0000000008000000                . = ALIGN (0x4)
                0x0000000008000000                . = ALIGN (0x80)
                0x0000000008000000                . = ALIGN (0x200)
                0x0000000008000000                _vector_start = .
 *(SORT_BY_ALIGNMENT(.exc_vector_table))
 *(SORT_BY_ALIGNMENT(.exc_vector_table.*))
 .exc_vector_table._vector_table_section
                0x0000000008000000       0x40 zephyr/arch/arch/arm/core/cortex_m/libarch__arm__core__cortex_m.a(vector_table.S.obj)
                0x0000000008000000                _vector_table
 *(SORT_BY_ALIGNMENT(.vectors))
                0x000000000800016c                _vector_end = .
                0x0000000008000040                . = ALIGN (0x4)
 *(SORT_BY_ALIGNMENT(.gnu.linkonce.irq_vector_table*))
 .gnu.linkonce.irq_vector_table
                0x0000000008000040      0x12c zephyr/CMakeFiles/zephyr_final.dir/isr_tables.c.obj
                0x0000000008000040                _irq_vector_table
                0x000000000800016c                _vector_end = .

text            0x000000000800016c     0x5400
                0x000000000800016c                __text_region_start = .
 *(SORT_BY_ALIGNMENT(.text))
 .text          0x000000000800016c       0x30 /home/kavin/zephyr-sdk-0.17.0/arm-zephyr-eabi/bin/../lib/gcc/arm-zephyr-eabi/12.2.0/thumb/v8-m.main/nofp/libgcc.a(_aeabi_uldivmod.o)
                0x000000000800016c                __aeabi_uldivmod
 .text          0x000000000800019c        0x4 /home/kavin/zephyr-sdk-0.17.0/arm-zephyr-eabi/bin/../lib/gcc/arm-zephyr-eabi/12.2.0/thumb/v8-m.main/nofp/libgcc.a(_dvmd_tls.o)
                0x000000000800019c                __aeabi_ldiv0
                0x000000000800019c                __aeabi_idiv0
 .text          0x00000000080001a0      0x29c /home/kavin/zephyr-sdk-0.17.0/arm-zephyr-eabi/bin/../lib/gcc/arm-zephyr-eabi/12.2.0/thumb/v8-m.main/nofp/libgcc.a(_udivmoddi4.o)
                0x00000000080001a0                __udivmoddi4
 *(SORT_BY_ALIGNMENT(.text.*))
 .text.main     0x000000000800043c       0xa0 app/libapp.a(main.c.obj)
                0x000000000800043c                main
 .text.char_out
                0x00000000080004dc        0xc zephyr/libzephyr.a(printk.c.obj)
 .text.__printk_hook_install
                0x00000000080004e8        0xc zephyr/libzephyr.a(printk.c.obj)
                0x00000000080004e8                __printk_hook_install
 .text.vprintk  0x00000000080004f4       0x30 zephyr/libzephyr.a(printk.c.obj)
                0x00000000080004f4                vprintk
 .text.z_thread_entry
                0x0000000008000524       0x34 zephyr/libzephyr.a(thread_entry.c.obj)
                0x0000000008000524                z_thread_entry
 .text.smu_fault
                0x0000000008000558       0x14 zephyr/libzephyr.a(soc.c.obj)
 .text.soc_early_init_hook
                0x000000000800056c       0x54 zephyr/libzephyr.a(soc.c.obj)
                0x000000000800056c                soc_early_init_hook
 .text.soc_prep_hook
                0x00000000080005c0       0x60 zephyr/libzephyr.a(soc.c.obj)
                0x00000000080005c0                soc_prep_hook
 .text.mem_attr_get_regions
                0x0000000008000620        0xc zephyr/libzephyr.a(mem_attr.c.obj)
                0x0000000008000620                mem_attr_get_regions
 .text.SystemHFRCODPLLClockGet
                0x000000000800062c        0xc zephyr/libzephyr.a(system_efr32mg24.c.obj)
                0x000000000800062c                SystemHFRCODPLLClockGet
 .text.SystemHFRCODPLLClockSet
                0x0000000008000638        0xc zephyr/libzephyr.a(system_efr32mg24.c.obj)
                0x0000000008000638                SystemHFRCODPLLClockSet
 .text.SystemSYSCLKGet
                0x0000000008000644       0x34 zephyr/libzephyr.a(system_efr32mg24.c.obj)
                0x0000000008000644                SystemSYSCLKGet
 .text.SystemHCLKGet
                0x0000000008000678       0x24 zephyr/libzephyr.a(system_efr32mg24.c.obj)
                0x0000000008000678                SystemHCLKGet
 .text.SystemMaxCoreClockGet
                0x000000000800069c        0x8 zephyr/libzephyr.a(system_efr32mg24.c.obj)
                0x000000000800069c                SystemMaxCoreClockGet
 .text.SystemHFXOClockGet
                0x00000000080006a4        0xc zephyr/libzephyr.a(system_efr32mg24.c.obj)
                0x00000000080006a4                SystemHFXOClockGet
 .text.SystemHFXOClockSet
                0x00000000080006b0       0x20 zephyr/libzephyr.a(system_efr32mg24.c.obj)
                0x00000000080006b0                SystemHFXOClockSet
 .text.SystemFSRCOClockGet
                0x00000000080006d0        0x8 zephyr/libzephyr.a(system_efr32mg24.c.obj)
                0x00000000080006d0                SystemFSRCOClockGet
 .text.SystemHFRCOEM23ClockGet
                0x00000000080006d8       0x84 zephyr/libzephyr.a(system_efr32mg24.c.obj)
                0x00000000080006d8                SystemHFRCOEM23ClockGet
 .text.SystemLFXOClockGet
                0x000000000800075c        0xc zephyr/libzephyr.a(system_efr32mg24.c.obj)
                0x000000000800075c                SystemLFXOClockGet
 .text.SYSTEM_ChipRevisionGet
                0x0000000008000768       0x24 zephyr/libzephyr.a(em_system.c.obj)
                0x0000000008000768                SYSTEM_ChipRevisionGet
 .text.sli_clock_manager_hal_enable_bus_clock
                0x000000000800078c       0x40 zephyr/libzephyr.a(sl_clock_manager_hal_s2.c.obj)
                0x000000000800078c                sli_clock_manager_hal_enable_bus_clock
 .text.sli_clock_manager_hal_init
                0x00000000080007cc      0x264 zephyr/libzephyr.a(sl_clock_manager_init_hal_s2.c.obj)
                0x00000000080007cc                sli_clock_manager_hal_init
 .text.sl_hal_sysrtc_wait_sync
                0x0000000008000a30       0x14 zephyr/libzephyr.a(sl_hal_sysrtc.c.obj)
                0x0000000008000a30                sl_hal_sysrtc_wait_sync
 .text.sl_hal_sysrtc_wait_ready
                0x0000000008000a44       0x1c zephyr/libzephyr.a(sl_hal_sysrtc.c.obj)
                0x0000000008000a44                sl_hal_sysrtc_wait_ready
 .text.sl_hal_sysrtc_stop
                0x0000000008000a60       0x14 zephyr/libzephyr.a(sl_hal_sysrtc.c.obj)
                0x0000000008000a60                sl_hal_sysrtc_stop
 .text.sl_hal_sysrtc_enable
                0x0000000008000a74       0x18 zephyr/libzephyr.a(sl_hal_sysrtc.c.obj)
                0x0000000008000a74                sl_hal_sysrtc_enable
 .text.sl_hal_sysrtc_disable
                0x0000000008000a8c       0x1c zephyr/libzephyr.a(sl_hal_sysrtc.c.obj)
                0x0000000008000a8c                sl_hal_sysrtc_disable
 .text.sl_hal_sysrtc_init
                0x0000000008000aa8       0x20 zephyr/libzephyr.a(sl_hal_sysrtc.c.obj)
                0x0000000008000aa8                sl_hal_sysrtc_init
 .text.sl_hal_sysrtc_init_group
                0x0000000008000ac8       0x38 zephyr/libzephyr.a(sl_hal_sysrtc.c.obj)
                0x0000000008000ac8                sl_hal_sysrtc_init_group
 .text.sl_hal_sysrtc_enable_group_interrupts
                0x0000000008000b00        0xc zephyr/libzephyr.a(sl_hal_sysrtc.c.obj)
                0x0000000008000b00                sl_hal_sysrtc_enable_group_interrupts
 .text.sl_hal_sysrtc_disable_group_interrupts
                0x0000000008000b0c        0xc zephyr/libzephyr.a(sl_hal_sysrtc.c.obj)
                0x0000000008000b0c                sl_hal_sysrtc_disable_group_interrupts
 .text.sl_hal_sysrtc_clear_group_interrupts
                0x0000000008000b18        0xc zephyr/libzephyr.a(sl_hal_sysrtc.c.obj)
                0x0000000008000b18                sl_hal_sysrtc_clear_group_interrupts
 .text.sl_hal_sysrtc_get_group_interrupts
                0x0000000008000b24       0x10 zephyr/libzephyr.a(sl_hal_sysrtc.c.obj)
                0x0000000008000b24                sl_hal_sysrtc_get_group_interrupts
 .text.sl_hal_sysrtc_get_group_compare_channel_value
                0x0000000008000b34       0x20 zephyr/libzephyr.a(sl_hal_sysrtc.c.obj)
                0x0000000008000b34                sl_hal_sysrtc_get_group_compare_channel_value
 .text.sl_hal_sysrtc_set_group_compare_channel_value
                0x0000000008000b54       0x1c zephyr/libzephyr.a(sl_hal_sysrtc.c.obj)
                0x0000000008000b54                sl_hal_sysrtc_set_group_compare_channel_value
 .text.sleeptimer_hal_init_timer
                0x0000000008000b70       0x68 zephyr/libzephyr.a(sl_sleeptimer_hal_sysrtc.c.obj)
                0x0000000008000b70                sleeptimer_hal_init_timer
 .text.sleeptimer_hal_get_counter
                0x0000000008000bd8       0x10 zephyr/libzephyr.a(sl_sleeptimer_hal_sysrtc.c.obj)
                0x0000000008000bd8                sleeptimer_hal_get_counter
 .text.sleeptimer_hal_set_compare
                0x0000000008000be8       0x70 zephyr/libzephyr.a(sl_sleeptimer_hal_sysrtc.c.obj)
                0x0000000008000be8                sleeptimer_hal_set_compare
 .text.sleeptimer_hal_disable_int
                0x0000000008000c58       0x2c zephyr/libzephyr.a(sl_sleeptimer_hal_sysrtc.c.obj)
                0x0000000008000c58                sleeptimer_hal_disable_int
 .text.sleeptimer_hal_set_int
                0x0000000008000c84       0x10 zephyr/libzephyr.a(sl_sleeptimer_hal_sysrtc.c.obj)
                0x0000000008000c84                sleeptimer_hal_set_int
 .text.sleeptimer_hal_get_timer_frequency
                0x0000000008000c94       0x18 zephyr/libzephyr.a(sl_sleeptimer_hal_sysrtc.c.obj)
                0x0000000008000c94                sleeptimer_hal_get_timer_frequency
 .text.delta_list_insert_timer
                0x0000000008000cac       0x44 zephyr/libzephyr.a(sl_sleeptimer.c.obj)
 .text.update_delta_list
                0x0000000008000cf0       0x34 zephyr/libzephyr.a(sl_sleeptimer.c.obj)
 .text.set_comparator_for_next_timer
                0x0000000008000d24       0x5c zephyr/libzephyr.a(sl_sleeptimer.c.obj)
 .text.create_timer
                0x0000000008000d80       0x88 zephyr/libzephyr.a(sl_sleeptimer.c.obj)
 .text.delta_list_remove_timer
                0x0000000008000e08       0x38 zephyr/libzephyr.a(sl_sleeptimer.c.obj)
 .text.sl_sleeptimer_init
                0x0000000008000e40       0x74 zephyr/libzephyr.a(sl_sleeptimer.c.obj)
                0x0000000008000e40                sl_sleeptimer_init
 .text.sl_sleeptimer_stop_timer
                0x0000000008000eb4       0x60 zephyr/libzephyr.a(sl_sleeptimer.c.obj)
                0x0000000008000eb4                sl_sleeptimer_stop_timer
 .text.sl_sleeptimer_is_timer_running
                0x0000000008000f14       0x3c zephyr/libzephyr.a(sl_sleeptimer.c.obj)
                0x0000000008000f14                sl_sleeptimer_is_timer_running
 .text.sl_sleeptimer_get_timer_frequency
                0x0000000008000f50        0xc zephyr/libzephyr.a(sl_sleeptimer.c.obj)
                0x0000000008000f50                sl_sleeptimer_get_timer_frequency
 .text.process_timer_irq
                0x0000000008000f5c      0x134 zephyr/libzephyr.a(sl_sleeptimer.c.obj)
                0x0000000008000f5c                process_timer_irq
 .text.EMU_VScaleGet
                0x0000000008001090       0x18 zephyr/libzephyr.a(em_cmu.c.obj)
 .text.HFRCODPLLDevinfoGet
                0x00000000080010a8       0xf4 zephyr/libzephyr.a(em_cmu.c.obj)
 .text.traceClkGet
                0x000000000800119c       0x48 zephyr/libzephyr.a(em_cmu.c.obj)
 .text.em01GrpaClkGet
                0x00000000080011e4       0x68 zephyr/libzephyr.a(em_cmu.c.obj)
 .text.em01GrpcClkGet
                0x000000000800124c       0x64 zephyr/libzephyr.a(em_cmu.c.obj)
 .text.iadcClkGet
                0x00000000080012b0       0x50 zephyr/libzephyr.a(em_cmu.c.obj)
 .text.eusart0ClkGet
                0x0000000008001300       0x64 zephyr/libzephyr.a(em_cmu.c.obj)
 .text.em23GrpaClkGet
                0x0000000008001364       0x48 zephyr/libzephyr.a(em_cmu.c.obj)
 .text.vdac0ClkGet
                0x00000000080013ac       0x64 zephyr/libzephyr.a(em_cmu.c.obj)
 .text.vdac1ClkGet
                0x0000000008001410       0x64 zephyr/libzephyr.a(em_cmu.c.obj)
 .text.wdog0ClkGet
                0x0000000008001474       0x58 zephyr/libzephyr.a(em_cmu.c.obj)
 .text.wdog1ClkGet
                0x00000000080014cc       0x58 zephyr/libzephyr.a(em_cmu.c.obj)
 .text.sysrtcClkGet
                0x0000000008001524       0x48 zephyr/libzephyr.a(em_cmu.c.obj)
 .text.em4GrpaClkGet
                0x000000000800156c       0x48 zephyr/libzephyr.a(em_cmu.c.obj)
 .text.CMU_ClockDivGet
                0x00000000080015b4       0x54 zephyr/libzephyr.a(em_cmu.c.obj)
                0x00000000080015b4                CMU_ClockDivGet
 .text.flashWaitStateControl
                0x0000000008001608       0x58 zephyr/libzephyr.a(em_cmu.c.obj)
 .text.CMU_ClockEnable
                0x0000000008001660       0x34 zephyr/libzephyr.a(em_cmu.c.obj)
                0x0000000008001660                CMU_ClockEnable
 .text.CMU_ClockFreqGet
                0x0000000008001694      0x200 zephyr/libzephyr.a(em_cmu.c.obj)
                0x0000000008001694                CMU_ClockFreqGet
 .text.rhclkPrescOptimize
                0x0000000008001894       0x20 zephyr/libzephyr.a(em_cmu.c.obj)
 .text.CMU_ClockSelectGet
                0x00000000080018b4      0x230 zephyr/libzephyr.a(em_cmu.c.obj)
                0x00000000080018b4                CMU_ClockSelectGet
 .text.sli_em_cmu_SYSTICEXTCLKENClear
                0x0000000008001ae4       0x30 zephyr/libzephyr.a(em_cmu.c.obj)
                0x0000000008001ae4                sli_em_cmu_SYSTICEXTCLKENClear
 .text.CMU_HFXOInit
                0x0000000008001b14      0x188 zephyr/libzephyr.a(em_cmu.c.obj)
                0x0000000008001b14                CMU_HFXOInit
 .text.CMU_HFXOCTuneDeltaGet
                0x0000000008001c9c        0xc zephyr/libzephyr.a(em_cmu.c.obj)
                0x0000000008001c9c                CMU_HFXOCTuneDeltaGet
 .text.CMU_LFXOInit
                0x0000000008001ca8       0x7c zephyr/libzephyr.a(em_cmu.c.obj)
                0x0000000008001ca8                CMU_LFXOInit
 .text.CMU_LFXOPrecisionSet
                0x0000000008001d24        0xc zephyr/libzephyr.a(em_cmu.c.obj)
                0x0000000008001d24                CMU_LFXOPrecisionSet
 .text.CMU_HFXOPrecisionSet
                0x0000000008001d30        0xc zephyr/libzephyr.a(em_cmu.c.obj)
                0x0000000008001d30                CMU_HFXOPrecisionSet
 .text.CMU_LFRCOSetPrecision
                0x0000000008001d3c       0x80 zephyr/libzephyr.a(em_cmu.c.obj)
                0x0000000008001d3c                CMU_LFRCOSetPrecision
 .text.CMU_ClockDivSet
                0x0000000008001dbc       0xe4 zephyr/libzephyr.a(em_cmu.c.obj)
                0x0000000008001dbc                CMU_ClockDivSet
 .text.sli_em_cmu_SYSCLKInitPreClockSelect
                0x0000000008001ea0       0x20 zephyr/libzephyr.a(em_cmu.c.obj)
                0x0000000008001ea0                sli_em_cmu_SYSCLKInitPreClockSelect
 .text.pclkDivOptimize
                0x0000000008001ec0       0x24 zephyr/libzephyr.a(em_cmu.c.obj)
 .text.CMU_DPLLLock
                0x0000000008001ee4      0x1cc zephyr/libzephyr.a(em_cmu.c.obj)
                0x0000000008001ee4                CMU_DPLLLock
 .text.CMU_HFRCOEM23BandSet
                0x00000000080020b0       0xec zephyr/libzephyr.a(em_cmu.c.obj)
                0x00000000080020b0                CMU_HFRCOEM23BandSet
 .text.sl_device_init_dcdc
                0x000000000800219c       0x2c zephyr/libzephyr.a(sl_device_init_dcdc_s2.c.obj)
                0x000000000800219c                sl_device_init_dcdc
 .text.EMU_DCDCSync
                0x00000000080021c8       0x10 zephyr/libzephyr.a(em_emu.c.obj)
 .text.EMU_VScaleEM01
                0x00000000080021d8       0x80 zephyr/libzephyr.a(em_emu.c.obj)
                0x00000000080021d8                EMU_VScaleEM01
 .text.EMU_VScaleEM01ByClock
                0x0000000008002258       0x30 zephyr/libzephyr.a(em_emu.c.obj)
                0x0000000008002258                EMU_VScaleEM01ByClock
 .text.EMU_DCDCModeSet
                0x0000000008002288       0xac zephyr/libzephyr.a(em_emu.c.obj)
                0x0000000008002288                EMU_DCDCModeSet
 .text.EMU_DCDCInit
                0x0000000008002334       0x70 zephyr/libzephyr.a(em_emu.c.obj)
                0x0000000008002334                EMU_DCDCInit
 .text.EMU_DCDCSetPFMXModePeakCurrent
                0x00000000080023a4       0x60 zephyr/libzephyr.a(em_emu.c.obj)
                0x00000000080023a4                EMU_DCDCSetPFMXModePeakCurrent
 .text.GPIO_ExtIntConfig
                0x0000000008002404       0xb4 zephyr/libzephyr.a(em_gpio.c.obj)
                0x0000000008002404                GPIO_ExtIntConfig
 .text.GPIO_PinModeSet
                0x00000000080024b8       0x80 zephyr/libzephyr.a(em_gpio.c.obj)
                0x00000000080024b8                GPIO_PinModeSet
 .text.I2C_BusFreqSet
                0x0000000008002538       0x78 zephyr/libzephyr.a(em_i2c.c.obj)
                0x0000000008002538                I2C_BusFreqSet
 .text.I2C_Init
                0x00000000080025b0       0x44 zephyr/libzephyr.a(em_i2c.c.obj)
                0x00000000080025b0                I2C_Init
 .text.I2C_Transfer
                0x00000000080025f4      0x218 zephyr/libzephyr.a(em_i2c.c.obj)
                0x00000000080025f4                I2C_Transfer
 .text.I2C_TransferInit
                0x000000000800280c       0x80 zephyr/libzephyr.a(em_i2c.c.obj)
                0x000000000800280c                I2C_TransferInit
 .text.USART_BaudrateAsyncSet
                0x000000000800288c       0x60 zephyr/libzephyr.a(em_usart.c.obj)
                0x000000000800288c                USART_BaudrateAsyncSet
 .text.USART_Reset
                0x00000000080028ec       0x44 zephyr/libzephyr.a(em_usart.c.obj)
                0x00000000080028ec                USART_Reset
 .text.USART_InitAsync
                0x0000000008002930       0xbc zephyr/libzephyr.a(em_usart.c.obj)
                0x0000000008002930                USART_InitAsync
 .text.z_SysNmiOnReset
                0x00000000080029ec        0x8 zephyr/arch/arch/arm/core/libarch__arm__core.a(nmi_on_reset.S.obj)
                0x00000000080029ec                z_SysNmiOnReset
 .text.arch_tls_stack_setup
                0x00000000080029f4       0x40 zephyr/arch/arch/arm/core/libarch__arm__core.a(tls.c.obj)
                0x00000000080029f4                arch_tls_stack_setup
 .text._HandlerModeExit
                0x0000000008002a34       0x28 zephyr/arch/arch/arm/core/cortex_m/libarch__arm__core__cortex_m.a(exc_exit.c.obj)
                0x0000000008002a34                z_arm_exc_exit
                0x0000000008002a34                z_arm_int_exit
 .text.secure_fault.constprop.0
                0x0000000008002a5c       0x74 zephyr/arch/arch/arm/core/cortex_m/libarch__arm__core__cortex_m.a(fault.c.obj)
 .text.usage_fault.constprop.0
                0x0000000008002ad0       0x5c zephyr/arch/arch/arm/core/cortex_m/libarch__arm__core__cortex_m.a(fault.c.obj)
 .text.bus_fault.constprop.0
                0x0000000008002b2c       0x6c zephyr/arch/arch/arm/core/cortex_m/libarch__arm__core__cortex_m.a(fault.c.obj)
 .text.mem_manage_fault.constprop.0
                0x0000000008002b98       0x78 zephyr/arch/arch/arm/core/cortex_m/libarch__arm__core__cortex_m.a(fault.c.obj)
 .text.z_arm_fault
                0x0000000008002c10      0x154 zephyr/arch/arch/arm/core/cortex_m/libarch__arm__core__cortex_m.a(fault.c.obj)
                0x0000000008002c10                z_arm_fault
 .text.z_arm_fault_init
                0x0000000008002d64       0x18 zephyr/arch/arch/arm/core/cortex_m/libarch__arm__core__cortex_m.a(fault.c.obj)
                0x0000000008002d64                z_arm_fault_init
 .text.__fault  0x0000000008002d7c       0x14 zephyr/arch/arch/arm/core/cortex_m/libarch__arm__core__cortex_m.a(fault_s.S.obj)
                0x0000000008002d7c                z_arm_secure_fault
                0x0000000008002d7c                z_arm_bus_fault
                0x0000000008002d7c                z_arm_usage_fault
                0x0000000008002d7c                z_arm_mpu_fault
                0x0000000008002d7c                z_arm_exc_spurious
                0x0000000008002d7c                z_arm_debug_monitor
                0x0000000008002d7c                z_arm_hard_fault
 .text._reset_section
                0x0000000008002d90       0x2c zephyr/arch/arch/arm/core/cortex_m/libarch__arm__core__cortex_m.a(reset.S.obj)
                0x0000000008002d90                z_arm_reset
                0x0000000008002d90                __start
 .text.z_impl_k_thread_abort
                0x0000000008002dbc       0x2c zephyr/arch/arch/arm/core/cortex_m/libarch__arm__core__cortex_m.a(thread_abort.c.obj)
                0x0000000008002dbc                z_impl_k_thread_abort
 .text.z_arm_pendsv
                0x0000000008002de8       0x58 zephyr/arch/arch/arm/core/cortex_m/libarch__arm__core__cortex_m.a(swap_helper.S.obj)
                0x0000000008002de8                z_arm_pendsv
 .text.z_arm_svc
                0x0000000008002e40       0x24 zephyr/arch/arch/arm/core/cortex_m/libarch__arm__core__cortex_m.a(swap_helper.S.obj)
                0x0000000008002e40                z_arm_svc
 .text.arch_irq_enable
                0x0000000008002e64       0x1c zephyr/arch/arch/arm/core/cortex_m/libarch__arm__core__cortex_m.a(irq_manage.c.obj)
                0x0000000008002e64                arch_irq_enable
 .text.z_arm_irq_priority_set
                0x0000000008002e80       0x2c zephyr/arch/arch/arm/core/cortex_m/libarch__arm__core__cortex_m.a(irq_manage.c.obj)
                0x0000000008002e80                z_arm_irq_priority_set
 .text.z_prep_c
                0x0000000008002eac       0x4c zephyr/arch/arch/arm/core/cortex_m/libarch__arm__core__cortex_m.a(prep_c.c.obj)
                0x0000000008002eac                z_prep_c
 .text.arch_new_thread
                0x0000000008002ef8       0x38 zephyr/arch/arch/arm/core/cortex_m/libarch__arm__core__cortex_m.a(thread.c.obj)
                0x0000000008002ef8                arch_new_thread
 .text.arch_switch_to_main_thread
                0x0000000008002f30       0x38 zephyr/arch/arch/arm/core/cortex_m/libarch__arm__core__cortex_m.a(thread.c.obj)
                0x0000000008002f30                arch_switch_to_main_thread
 .text.z_arm_cpu_idle_init
                0x0000000008002f68        0xc zephyr/arch/arch/arm/core/cortex_m/libarch__arm__core__cortex_m.a(cpu_idle.c.obj)
                0x0000000008002f68                z_arm_cpu_idle_init
 .text.z_arm_interrupt_init
                0x0000000008002f74       0x18 zephyr/arch/arch/arm/core/cortex_m/libarch__arm__core__cortex_m.a(irq_init.c.obj)
                0x0000000008002f74                z_arm_interrupt_init
 .text._isr_wrapper
                0x0000000008002f8c       0x24 zephyr/arch/arch/arm/core/cortex_m/libarch__arm__core__cortex_m.a(isr_wrapper.c.obj)
                0x0000000008002f8c                _isr_wrapper
 .text.z_arm_configure_static_mpu_regions
                0x0000000008002fb0       0x38 zephyr/arch/arch/arm/core/mpu/libarch__arm__core__mpu.a(arm_core_mpu.c.obj)
                0x0000000008002fb0                z_arm_configure_static_mpu_regions
 .text.region_init
                0x0000000008002fe8       0x34 zephyr/arch/arch/arm/core/mpu/libarch__arm__core__mpu.a(arm_mpu.c.obj)
 .text.region_allocate_and_init
                0x000000000800301c       0x24 zephyr/arch/arch/arm/core/mpu/libarch__arm__core__mpu.a(arm_mpu.c.obj)
 .text.mpu_configure_regions_and_partition.constprop.0
                0x0000000008003040      0x148 zephyr/arch/arch/arm/core/mpu/libarch__arm__core__mpu.a(arm_mpu.c.obj)
 .text.arm_core_mpu_enable
                0x0000000008003188       0x18 zephyr/arch/arch/arm/core/mpu/libarch__arm__core__mpu.a(arm_mpu.c.obj)
                0x0000000008003188                arm_core_mpu_enable
 .text.arm_core_mpu_disable
                0x00000000080031a0       0x14 zephyr/arch/arch/arm/core/mpu/libarch__arm__core__mpu.a(arm_mpu.c.obj)
                0x00000000080031a0                arm_core_mpu_disable
 .text.arm_core_mpu_configure_static_mpu_regions
                0x00000000080031b4       0x14 zephyr/arch/arch/arm/core/mpu/libarch__arm__core__mpu.a(arm_mpu.c.obj)
                0x00000000080031b4                arm_core_mpu_configure_static_mpu_regions
 .text.arm_core_mpu_mark_areas_for_dynamic_regions
                0x00000000080031c8       0xb8 zephyr/arch/arch/arm/core/mpu/libarch__arm__core__mpu.a(arm_mpu.c.obj)
                0x00000000080031c8                arm_core_mpu_mark_areas_for_dynamic_regions
 .text.z_arm_mpu_init
                0x0000000008003280      0x11c zephyr/arch/arch/arm/core/mpu/libarch__arm__core__mpu.a(arm_mpu.c.obj)
                0x0000000008003280                z_arm_mpu_init
 .text.z_impl_zephyr_fputc
                0x000000000800339c       0x10 zephyr/lib/libc/picolibc/liblib__libc__picolibc.a(stdio.c.obj)
                0x000000000800339c                z_impl_zephyr_fputc
 .text.__stdout_hook_install
                0x00000000080033ac       0x18 zephyr/lib/libc/picolibc/liblib__libc__picolibc.a(stdio.c.obj)
                0x00000000080033ac                __stdout_hook_install
 .text.malloc_prepare
                0x00000000080033c4       0x24 zephyr/lib/libc/common/liblib__libc__common.a(malloc.c.obj)
 .text.uart_console_init
                0x00000000080033e8       0x28 zephyr/drivers/console/libdrivers__console.a(uart_console.c.obj)
 .text.console_out
                0x0000000008003410       0x28 zephyr/drivers/console/libdrivers__console.a(uart_console.c.obj)
 .text.gpio_gecko_port_set_bits_raw
                0x0000000008003438       0x14 zephyr/drivers/gpio/libdrivers__gpio.a(gpio_gecko.c.obj)
 .text.gpio_gecko_port_clear_bits_raw
                0x000000000800344c       0x14 zephyr/drivers/gpio/libdrivers__gpio.a(gpio_gecko.c.obj)
 .text.gpio_gecko_port_toggle_bits
                0x0000000008003460       0x14 zephyr/drivers/gpio/libdrivers__gpio.a(gpio_gecko.c.obj)
 .text.gpio_gecko_pin_interrupt_configure
                0x0000000008003474       0x7c zephyr/drivers/gpio/libdrivers__gpio.a(gpio_gecko.c.obj)
 .text.gpio_gecko_configure
                0x00000000080034f0       0x70 zephyr/drivers/gpio/libdrivers__gpio.a(gpio_gecko.c.obj)
 .text.gpio_gecko_common_init
                0x0000000008003560       0x38 zephyr/drivers/gpio/libdrivers__gpio.a(gpio_gecko.c.obj)
 .text.gpio_gecko_port0_init
                0x0000000008003598       0x14 zephyr/drivers/gpio/libdrivers__gpio.a(gpio_gecko.c.obj)
 .text.gpio_gecko_common_isr
                0x00000000080035ac       0x68 zephyr/drivers/gpio/libdrivers__gpio.a(gpio_gecko.c.obj)
 .text.gpio_gecko_port2_init
                0x0000000008003614       0x14 zephyr/drivers/gpio/libdrivers__gpio.a(gpio_gecko.c.obj)
 .text.gpio_gecko_port1_init
                0x0000000008003628       0x14 zephyr/drivers/gpio/libdrivers__gpio.a(gpio_gecko.c.obj)
 .text.gpio_gecko_port3_init
                0x000000000800363c       0x14 zephyr/drivers/gpio/libdrivers__gpio.a(gpio_gecko.c.obj)
 .text.gpio_hogs_init
                0x0000000008003650       0x34 zephyr/drivers/gpio/libdrivers__gpio.a(gpio_hogs.c.obj)
 .text.i2c_gecko_transfer
                0x0000000008003684       0xe4 zephyr/drivers/i2c/libdrivers__i2c.a(i2c_gecko.c.obj)
 .text.i2c_gecko_configure
                0x0000000008003768       0x6c zephyr/drivers/i2c/libdrivers__i2c.a(i2c_gecko.c.obj)
 .text.i2c_gecko_init
                0x00000000080037d4       0x9c zephyr/drivers/i2c/libdrivers__i2c.a(i2c_gecko.c.obj)
 .text.pinctrl_configure_pins
                0x0000000008003870       0x5c zephyr/drivers/pinctrl/libdrivers__pinctrl.a(pinctrl_silabs_dbus.c.obj)
                0x0000000008003870                pinctrl_configure_pins
 .text.uart_gecko_init
                0x00000000080038cc       0x58 zephyr/drivers/serial/libdrivers__serial.a(uart_gecko.c.obj)
 .text.sleeptimer_init
                0x0000000008003924       0x78 zephyr/drivers/timer/libdrivers__timer.a(silabs_sleeptimer_timer.c.obj)
 .text.sys_clock_set_timeout
                0x000000000800399c       0x74 zephyr/drivers/timer/libdrivers__timer.a(silabs_sleeptimer_timer.c.obj)
                0x000000000800399c                sys_clock_set_timeout
 .text.sys_clock_elapsed
                0x0000000008003a10       0x24 zephyr/drivers/timer/libdrivers__timer.a(silabs_sleeptimer_timer.c.obj)
                0x0000000008003a10                sys_clock_elapsed
 .text.z_fatal_error
                0x0000000008003a34       0x30 zephyr/kernel/libkernel.a(fatal.c.obj)
                0x0000000008003a34                z_fatal_error
 .text.z_sys_init_run_level
                0x0000000008003a64       0x2c zephyr/kernel/libkernel.a(init.c.obj)
 .text.bg_thread_main
                0x0000000008003a90       0xe8 zephyr/kernel/libkernel.a(init.c.obj)
 .text.z_bss_zero
                0x0000000008003b78       0x18 zephyr/kernel/libkernel.a(init.c.obj)
                0x0000000008003b78                z_bss_zero
 .text.z_init_cpu
                0x0000000008003b90       0x68 zephyr/kernel/libkernel.a(init.c.obj)
                0x0000000008003b90                z_init_cpu
 .text.z_cstart
                0x0000000008003bf8       0xf0 zephyr/kernel/libkernel.a(init.c.obj)
                0x0000000008003bf8                z_cstart
 .text.z_impl_k_sem_give
                0x0000000008003ce8       0x68 zephyr/kernel/libkernel.a(sem.c.obj)
                0x0000000008003ce8                z_impl_k_sem_give
 .text.z_impl_k_sem_take
                0x0000000008003d50       0x4c zephyr/kernel/libkernel.a(sem.c.obj)
                0x0000000008003d50                z_impl_k_sem_take
 .text.z_setup_new_thread
                0x0000000008003d9c       0x7c zephyr/kernel/libkernel.a(thread.c.obj)
                0x0000000008003d9c                z_setup_new_thread
 .text.z_swap_irqlock
                0x0000000008003e18       0x30 zephyr/kernel/libkernel.a(sched.c.obj)
 .text.unready_thread
                0x0000000008003e48       0x54 zephyr/kernel/libkernel.a(sched.c.obj)
 .text.ready_thread
                0x0000000008003e9c       0x8c zephyr/kernel/libkernel.a(sched.c.obj)
 .text.z_thread_halt
                0x0000000008003f28      0x10c zephyr/kernel/libkernel.a(sched.c.obj)
 .text.move_thread_to_end_of_prio_q
                0x0000000008004034       0x94 zephyr/kernel/libkernel.a(sched.c.obj)
                0x0000000008004034                move_thread_to_end_of_prio_q
 .text.z_pend_curr
                0x00000000080040c8       0x58 zephyr/kernel/libkernel.a(sched.c.obj)
                0x00000000080040c8                z_pend_curr
 .text.z_reschedule
                0x0000000008004120       0x24 zephyr/kernel/libkernel.a(sched.c.obj)
                0x0000000008004120                z_reschedule
 .text.z_reschedule_irqlock
                0x0000000008004144       0x28 zephyr/kernel/libkernel.a(sched.c.obj)
                0x0000000008004144                z_reschedule_irqlock
 .text.k_sched_lock
                0x000000000800416c       0x28 zephyr/kernel/libkernel.a(sched.c.obj)
                0x000000000800416c                k_sched_lock
 .text.k_sched_unlock
                0x0000000008004194       0x68 zephyr/kernel/libkernel.a(sched.c.obj)
                0x0000000008004194                k_sched_unlock
 .text.z_sched_init
                0x00000000080041fc       0x10 zephyr/kernel/libkernel.a(sched.c.obj)
                0x00000000080041fc                z_sched_init
 .text.z_impl_k_yield
                0x000000000800420c       0x8c zephyr/kernel/libkernel.a(sched.c.obj)
                0x000000000800420c                z_impl_k_yield
 .text.z_tick_sleep
                0x0000000008004298       0x80 zephyr/kernel/libkernel.a(sched.c.obj)
 .text.z_impl_k_wakeup
                0x0000000008004318       0x4c zephyr/kernel/libkernel.a(sched.c.obj)
                0x0000000008004318                z_impl_k_wakeup
 .text.z_impl_k_sched_current_thread_query
                0x0000000008004364        0xc zephyr/kernel/libkernel.a(sched.c.obj)
                0x0000000008004364                z_impl_k_sched_current_thread_query
 .text.slice_timeout
                0x0000000008004370       0x20 zephyr/kernel/libkernel.a(timeslicing.c.obj)
 .text.thread_is_sliceable
                0x0000000008004390       0x3c zephyr/kernel/libkernel.a(timeslicing.c.obj)
                0x0000000008004390                thread_is_sliceable
 .text.z_reset_time_slice
                0x00000000080043cc       0x50 zephyr/kernel/libkernel.a(timeslicing.c.obj)
                0x00000000080043cc                z_reset_time_slice
 .text.z_time_slice
                0x000000000800441c       0x60 zephyr/kernel/libkernel.a(timeslicing.c.obj)
                0x000000000800441c                z_time_slice
 .text.z_data_copy
                0x000000000800447c       0x38 zephyr/kernel/libkernel.a(xip.c.obj)
                0x000000000800447c                z_data_copy
 .text.elapsed  0x00000000080044b4       0x14 zephyr/kernel/libkernel.a(timeout.c.obj)
 .text.remove_timeout
                0x00000000080044c8       0x38 zephyr/kernel/libkernel.a(timeout.c.obj)
 .text.next_timeout
                0x0000000008004500       0x40 zephyr/kernel/libkernel.a(timeout.c.obj)
 .text.z_add_timeout
                0x0000000008004540       0xf4 zephyr/kernel/libkernel.a(timeout.c.obj)
                0x0000000008004540                z_add_timeout
 .text.sys_clock_announce
                0x0000000008004634       0xd0 zephyr/kernel/libkernel.a(timeout.c.obj)
                0x0000000008004634                sys_clock_announce
 .text.sys_clock_tick_get
                0x0000000008004704       0x30 zephyr/kernel/libkernel.a(timeout.c.obj)
                0x0000000008004704                sys_clock_tick_get
 .text.boot_banner
                0x0000000008004734        0xc zephyr/kernel/libkernel.a(banner.c.obj)
                0x0000000008004734                boot_banner
 .text.printf   0x0000000008004740       0x24 /home/kavin/zephyr-sdk-0.17.0/arm-zephyr-eabi/bin/../lib/gcc/../../picolibc/arm-zephyr-eabi/lib/thumb/v8-m.main/nofp/libc.a(libc_tinystdio_printf.c.o)
                0x0000000008004740                printf
 .text.puts     0x0000000008004764       0x40 /home/kavin/zephyr-sdk-0.17.0/arm-zephyr-eabi/bin/../lib/gcc/../../picolibc/arm-zephyr-eabi/lib/thumb/v8-m.main/nofp/libc.a(libc_tinystdio_puts.c.o)
                0x0000000008004764                puts
 .text.__l_vfprintf
                0x00000000080047a4      0x4b4 /home/kavin/zephyr-sdk-0.17.0/arm-zephyr-eabi/bin/../lib/gcc/../../picolibc/arm-zephyr-eabi/lib/thumb/v8-m.main/nofp/libc.a(libc_tinystdio_vflprintf.c.o)
                0x00000000080047a4                __l_vfprintf
 .text._OffsetAbsSyms
                0x0000000008004c58        0x2 zephyr/CMakeFiles/offsets.dir/./arch/arm/core/offsets/offsets.c.obj
                0x0000000008004c58                _OffsetAbsSyms
 .text.chunk_size
                0x0000000008004c5a        0xa zephyr/libzephyr.a(heap.c.obj)
 .text.free_list_add
                0x0000000008004c64       0x4e zephyr/libzephyr.a(heap.c.obj)
 .text.sys_heap_init
                0x0000000008004cb2       0x7a zephyr/libzephyr.a(heap.c.obj)
                0x0000000008004cb2                sys_heap_init
 .text.arch_printk_char_out
                0x0000000008004d2c        0x4 zephyr/libzephyr.a(printk.c.obj)
                0x0000000008004d2c                arch_printk_char_out
 .text.printk   0x0000000008004d30       0x1a zephyr/libzephyr.a(printk.c.obj)
                0x0000000008004d30                printk
 .text._ConfigAbsSyms
                0x0000000008004d4a        0x2 zephyr/libzephyr.a(configs.c.obj)
                0x0000000008004d4a                _ConfigAbsSyms
 .text.SystemCLKIN0Get
                0x0000000008004d4c        0x4 zephyr/libzephyr.a(system_efr32mg24.c.obj)
                0x0000000008004d4c                SystemCLKIN0Get
 .text.SystemLFRCOClockGet
                0x0000000008004d50        0x6 zephyr/libzephyr.a(system_efr32mg24.c.obj)
                0x0000000008004d50                SystemLFRCOClockGet
 .text.SystemULFRCOClockGet
                0x0000000008004d56        0x6 zephyr/libzephyr.a(system_efr32mg24.c.obj)
                0x0000000008004d56                SystemULFRCOClockGet
 .text.sl_clock_manager_runtime_init
                0x0000000008004d5c        0x4 zephyr/libzephyr.a(sl_clock_manager.c.obj)
                0x0000000008004d5c                sl_clock_manager_runtime_init
 .text.sl_clock_manager_get_clock_branch_frequency
                0x0000000008004d60        0xa zephyr/libzephyr.a(sl_clock_manager.c.obj)
                0x0000000008004d60                sl_clock_manager_get_clock_branch_frequency
 .text.sl_clock_manager_enable_bus_clock
                0x0000000008004d6a        0x6 zephyr/libzephyr.a(sl_clock_manager.c.obj)
                0x0000000008004d6a                sl_clock_manager_enable_bus_clock
 .text.sl_clock_manager_disable_bus_clock
                0x0000000008004d70        0x6 zephyr/libzephyr.a(sl_clock_manager.c.obj)
                0x0000000008004d70                sl_clock_manager_disable_bus_clock
 .text.sli_clock_manager_hal_runtime_init
                0x0000000008004d76        0x4 zephyr/libzephyr.a(sl_clock_manager_hal_s2.c.obj)
                0x0000000008004d76                sli_clock_manager_hal_runtime_init
 .text.sli_clock_manager_hal_get_clock_branch_frequency
                0x0000000008004d7a       0xbc zephyr/libzephyr.a(sl_clock_manager_hal_s2.c.obj)
                0x0000000008004d7a                sli_clock_manager_hal_get_clock_branch_frequency
 .text.sl_clock_manager_init
                0x0000000008004e36        0x4 zephyr/libzephyr.a(sl_clock_manager_init.c.obj)
                0x0000000008004e36                sl_clock_manager_init
 .text.sleeptimer_hal_get_compare
                0x0000000008004e3a        0x8 zephyr/libzephyr.a(sl_sleeptimer_hal_sysrtc.c.obj)
                0x0000000008004e3a                sleeptimer_hal_get_compare
 .text.sleeptimer_hal_enable_int
                0x0000000008004e42       0x12 zephyr/libzephyr.a(sl_sleeptimer_hal_sysrtc.c.obj)
                0x0000000008004e42                sleeptimer_hal_enable_int
 .text.SYSRTC_APP_IRQHandler
                0x0000000008004e54       0x34 zephyr/libzephyr.a(sl_sleeptimer_hal_sysrtc.c.obj)
                0x0000000008004e54                SYSRTC_APP_IRQHandler
 .text.sl_sleeptimer_restart_timer
                0x0000000008004e88       0x3e zephyr/libzephyr.a(sl_sleeptimer.c.obj)
                0x0000000008004e88                sl_sleeptimer_restart_timer
 .text.sl_sleeptimer_start_timer
                0x0000000008004ec6       0x48 zephyr/libzephyr.a(sl_sleeptimer.c.obj)
                0x0000000008004ec6                sl_sleeptimer_start_timer
 .text.sl_sleeptimer_get_tick_count
                0x0000000008004f0e       0x18 zephyr/libzephyr.a(sl_sleeptimer.c.obj)
                0x0000000008004f0e                sl_sleeptimer_get_tick_count
 .text.BUS_RegMaskedWrite
                0x0000000008004f26       0x1e zephyr/libzephyr.a(em_cmu.c.obj)
 .text.waitStateMax
                0x0000000008004f44       0x10 zephyr/libzephyr.a(em_cmu.c.obj)
 .text.CMU_UpdateWaitStates
                0x0000000008004f54        0xc zephyr/libzephyr.a(em_cmu.c.obj)
                0x0000000008004f54                CMU_UpdateWaitStates
 .text.pclkDivMax
                0x0000000008004f60        0xa zephyr/libzephyr.a(em_cmu.c.obj)
 .text.sli_em_cmu_SYSCLKInitPostClockSelect
                0x0000000008004f6a       0x2e zephyr/libzephyr.a(em_cmu.c.obj)
                0x0000000008004f6a                sli_em_cmu_SYSCLKInitPostClockSelect
 .text.CORE_EnterCritical
                0x0000000008004f98        0x8 zephyr/libzephyr.a(sl_core_cortexm.c.obj)
                0x0000000008004f98                CORE_EnterCritical
 .text.CORE_ExitCritical
                0x0000000008004fa0        0x6 zephyr/libzephyr.a(sl_core_cortexm.c.obj)
                0x0000000008004fa0                CORE_ExitCritical
 .text.CORE_EnterAtomic
                0x0000000008004fa6        0xc zephyr/libzephyr.a(sl_core_cortexm.c.obj)
                0x0000000008004fa6                CORE_EnterAtomic
 .text.CORE_ExitAtomic
                0x0000000008004fb2        0x6 zephyr/libzephyr.a(sl_core_cortexm.c.obj)
                0x0000000008004fb2                CORE_ExitAtomic
 .text.EMU_EFPEM01VScale
                0x0000000008004fb8        0x2 zephyr/libzephyr.a(em_emu.c.obj)
                0x0000000008004fb8                EMU_EFPEM01VScale
 .text.EMU_DCDCUpdatedHook
                0x0000000008004fba        0x2 zephyr/libzephyr.a(em_emu.c.obj)
                0x0000000008004fba                EMU_DCDCUpdatedHook
 .text.BUS_RegMaskedWrite
                0x0000000008004fbc       0x1e zephyr/libzephyr.a(em_gpio.c.obj)
 .text.I2C_Enable
                0x0000000008004fda       0x14 zephyr/libzephyr.a(em_i2c.c.obj)
                0x0000000008004fda                I2C_Enable
 .text.USART_Rx
                0x0000000008004fee        0xc zephyr/libzephyr.a(em_usart.c.obj)
                0x0000000008004fee                USART_Rx
 .text.USART_Tx
                0x0000000008004ffa        0xa zephyr/libzephyr.a(em_usart.c.obj)
                0x0000000008004ffa                USART_Tx
 .text.z_arm_fatal_error
                0x0000000008005004        0xc zephyr/arch/arch/arm/core/libarch__arm__core.a(fatal.c.obj)
                0x0000000008005004                z_arm_fatal_error
 .text.z_do_kernel_oops
                0x0000000008005010        0x8 zephyr/arch/arch/arm/core/libarch__arm__core.a(fatal.c.obj)
                0x0000000008005010                z_do_kernel_oops
 .text.z_arm_nmi
                0x0000000008005018        0xe zephyr/arch/arch/arm/core/libarch__arm__core.a(nmi.c.obj)
                0x0000000008005018                z_arm_nmi
 .text.z_irq_spurious
                0x0000000008005026        0x8 zephyr/arch/arch/arm/core/cortex_m/libarch__arm__core__cortex_m.a(irq_manage.c.obj)
                0x0000000008005026                z_irq_spurious
 .text.arch_irq_unlock_outlined
                0x000000000800502e        0xe zephyr/arch/arch/arm/core/cortex_m/libarch__arm__core__cortex_m.a(thread.c.obj)
                0x000000000800502e                arch_irq_unlock_outlined
 .text.arch_cpu_idle
                0x000000000800503c       0x1a zephyr/arch/arch/arm/core/cortex_m/libarch__arm__core__cortex_m.a(cpu_idle.c.obj)
                0x000000000800503c                arch_cpu_idle
 .text.arm_cmse_mpu_region_get
                0x0000000008005056       0x12 zephyr/arch/arch/arm/core/cortex_m/cmse/libarch__arm__core__cortex_m__cmse.a(arm_core_cmse.c.obj)
                0x0000000008005056                arm_cmse_mpu_region_get
 .text.mpu_configure_region
                0x0000000008005068       0x32 zephyr/arch/arch/arm/core/mpu/libarch__arm__core__mpu.a(arm_mpu.c.obj)
 .text.picolibc_put
                0x000000000800509a        0xa zephyr/lib/libc/picolibc/liblib__libc__picolibc.a(stdio.c.obj)
 .text.silabs_clock_control_get_status
                0x00000000080050a4       0x36 zephyr/drivers/clock_control/libdrivers__clock_control.a(clock_control_silabs_series.c.obj)
 .text.silabs_clock_control_get_rate
                0x00000000080050da       0x18 zephyr/drivers/clock_control/libdrivers__clock_control.a(clock_control_silabs_series.c.obj)
 .text.silabs_clock_control_off
                0x00000000080050f2       0x14 zephyr/drivers/clock_control/libdrivers__clock_control.a(clock_control_silabs_series.c.obj)
 .text.silabs_clock_control_on
                0x0000000008005106       0x24 zephyr/drivers/clock_control/libdrivers__clock_control.a(clock_control_silabs_series.c.obj)
 .text.silabs_clock_control_init
                0x000000000800512a        0xa zephyr/drivers/clock_control/libdrivers__clock_control.a(clock_control_silabs_series.c.obj)
 .text.gpio_gecko_port_get_raw
                0x0000000008005134       0x18 zephyr/drivers/gpio/libdrivers__gpio.a(gpio_gecko.c.obj)
 .text.gpio_gecko_port_set_masked_raw
                0x000000000800514c       0x1e zephyr/drivers/gpio/libdrivers__gpio.a(gpio_gecko.c.obj)
 .text.gpio_gecko_manage_callback
                0x000000000800516a       0x52 zephyr/drivers/gpio/libdrivers__gpio.a(gpio_gecko.c.obj)
 .text.pinctrl_lookup_state
                0x00000000080051bc       0x26 zephyr/drivers/pinctrl/libdrivers__pinctrl.a(common.c.obj)
                0x00000000080051bc                pinctrl_lookup_state
 .text.uart_gecko_err_check
                0x00000000080051e2       0x26 zephyr/drivers/serial/libdrivers__serial.a(uart_gecko.c.obj)
 .text.uart_gecko_poll_out
                0x0000000008005208        0x8 zephyr/drivers/serial/libdrivers__serial.a(uart_gecko.c.obj)
 .text.uart_gecko_poll_in
                0x0000000008005210       0x1e zephyr/drivers/serial/libdrivers__serial.a(uart_gecko.c.obj)
 .text.sleeptimer_cb
                0x000000000800522e       0x30 zephyr/drivers/timer/libdrivers__timer.a(silabs_sleeptimer_timer.c.obj)
 .text.z_device_state_init
                0x000000000800525e        0x2 zephyr/kernel/libkernel.a(device.c.obj)
                0x000000000800525e                z_device_state_init
 .text.z_impl_device_is_ready
                0x0000000008005260       0x16 zephyr/kernel/libkernel.a(device.c.obj)
                0x0000000008005260                z_impl_device_is_ready
 .text.arch_system_halt
                0x0000000008005276       0x10 zephyr/kernel/libkernel.a(fatal.c.obj)
                0x0000000008005276                arch_system_halt
 .text.k_sys_fatal_error_handler
                0x0000000008005286        0x6 zephyr/kernel/libkernel.a(fatal.c.obj)
                0x0000000008005286                k_sys_fatal_error_handler
 .text.do_device_init
                0x000000000800528c       0x30 zephyr/kernel/libkernel.a(init.c.obj)
 .text.z_early_memset
                0x00000000080052bc        0x4 zephyr/kernel/libkernel.a(init.c.obj)
                0x00000000080052bc                z_early_memset
 .text.z_early_memcpy
                0x00000000080052c0        0x4 zephyr/kernel/libkernel.a(init.c.obj)
                0x00000000080052c0                z_early_memcpy
 .text.z_init_static
                0x00000000080052c4        0x2 zephyr/kernel/libkernel.a(init_static.c.obj)
                0x00000000080052c4                z_init_static
 .text.idle     0x00000000080052c6       0x16 zephyr/kernel/libkernel.a(idle.c.obj)
                0x00000000080052c6                idle
 .text.z_impl_k_sem_init
                0x00000000080052dc       0x18 zephyr/kernel/libkernel.a(sem.c.obj)
                0x00000000080052dc                z_impl_k_sem_init
 .text.sys_dlist_remove
                0x00000000080052f4       0x10 zephyr/kernel/libkernel.a(sched.c.obj)
 .text.unpend_thread_no_timeout
                0x0000000008005304       0x14 zephyr/kernel/libkernel.a(sched.c.obj)
 .text.add_to_waitq_locked
                0x0000000008005318       0x50 zephyr/kernel/libkernel.a(sched.c.obj)
 .text.z_ready_thread
                0x0000000008005368       0x1e zephyr/kernel/libkernel.a(sched.c.obj)
                0x0000000008005368                z_ready_thread
 .text.z_sched_wake_thread
                0x0000000008005386       0x3a zephyr/kernel/libkernel.a(sched.c.obj)
                0x0000000008005386                z_sched_wake_thread
 .text.z_thread_timeout
                0x00000000080053c0        0x8 zephyr/kernel/libkernel.a(sched.c.obj)
                0x00000000080053c0                z_thread_timeout
 .text.z_impl_k_sleep
                0x00000000080053c8       0x32 zephyr/kernel/libkernel.a(sched.c.obj)
                0x00000000080053c8                z_impl_k_sleep
 .text.z_thread_abort
                0x00000000080053fa       0x44 zephyr/kernel/libkernel.a(sched.c.obj)
                0x00000000080053fa                z_thread_abort
 .text.z_abort_timeout
                0x000000000800543e       0x2a zephyr/kernel/libkernel.a(timeout.c.obj)
                0x000000000800543e                z_abort_timeout
 .text.sys_clock_tick_get_32
                0x0000000008005468        0x8 zephyr/kernel/libkernel.a(timeout.c.obj)
                0x0000000008005468                sys_clock_tick_get_32
 .text.memcpy   0x0000000008005470       0x1a /home/kavin/zephyr-sdk-0.17.0/arm-zephyr-eabi/bin/../lib/gcc/../../picolibc/arm-zephyr-eabi/lib/thumb/v8-m.main/nofp/libc.a(memcpy.c.o)
                0x0000000008005470                memcpy
                0x0000000008005470                __aeabi_memcpy
                0x0000000008005470                __aeabi_memcpy4
                0x0000000008005470                __aeabi_memcpy8
 .text.memset   0x000000000800548a       0x10 /home/kavin/zephyr-sdk-0.17.0/arm-zephyr-eabi/bin/../lib/gcc/../../picolibc/arm-zephyr-eabi/lib/thumb/v8-m.main/nofp/libc.a(memset.c.o)
                0x000000000800548a                memset
 .text.strnlen  0x000000000800549a       0x18 /home/kavin/zephyr-sdk-0.17.0/arm-zephyr-eabi/bin/../lib/gcc/../../picolibc/arm-zephyr-eabi/lib/thumb/v8-m.main/nofp/libc.a(libc_string_strnlen.c.o)
                0x000000000800549a                strnlen
 .text.__ultoa_invert
                0x00000000080054b2       0xac /home/kavin/zephyr-sdk-0.17.0/arm-zephyr-eabi/bin/../lib/gcc/../../picolibc/arm-zephyr-eabi/lib/thumb/v8-m.main/nofp/libc.a(libc_tinystdio_vflprintf.c.o)
 *(SORT_BY_ALIGNMENT(.TEXT.*))
 *fill*         0x000000000800555e        0x2 
 .TEXT.__aeabi_read_tp
                0x0000000008005560        0xc zephyr/arch/arch/arm/core/cortex_m/libarch__arm__core__cortex_m.a(__aeabi_read_tp.S.obj)
                0x0000000008005560                __aeabi_read_tp
 *(SORT_BY_ALIGNMENT(.gnu.linkonce.t.*))
 *(SORT_BY_ALIGNMENT(.glue_7t))
 .glue_7t       0x000000000800556c        0x0 linker stubs
 *(SORT_BY_ALIGNMENT(.glue_7))
 .glue_7        0x000000000800556c        0x0 linker stubs
 *(SORT_BY_ALIGNMENT(.vfp11_veneer))
 .vfp11_veneer  0x000000000800556c        0x0 linker stubs
 *(SORT_BY_ALIGNMENT(.v4_bx))
 .v4_bx         0x000000000800556c        0x0 linker stubs
                0x000000000800556c                . = ALIGN (0x4)
                0x000000000800556c                __text_region_end = .

.ARM.exidx      0x000000000800556c        0x8
                0x000000000800556c                __exidx_start = .
 *(SORT_BY_ALIGNMENT(.ARM.exidx*) SORT_BY_ALIGNMENT(gnu.linkonce.armexidx.*))
 .ARM.exidx     0x000000000800556c        0x8 /home/kavin/zephyr-sdk-0.17.0/arm-zephyr-eabi/bin/../lib/gcc/arm-zephyr-eabi/12.2.0/thumb/v8-m.main/nofp/libgcc.a(_udivmoddi4.o)
                0x0000000008005574                __exidx_end = .
                0x0000000008005574                __rodata_region_start = .

initlevel       0x0000000008005574       0x60
                0x0000000008005574                __init_start = .
                0x0000000008005574                __init_EARLY_start = .
 *(SORT_BY_NAME(SORT_BY_ALIGNMENT(.z_init_EARLY?_*)))
 *(SORT_BY_NAME(SORT_BY_ALIGNMENT(.z_init_EARLY??_*)))
                0x0000000008005574                __init_PRE_KERNEL_1_start = .
 *(SORT_BY_NAME(SORT_BY_ALIGNMENT(.z_init_PRE_KERNEL_1?_*)))
 *(SORT_BY_NAME(SORT_BY_ALIGNMENT(.z_init_PRE_KERNEL_1??_*)))
 .z_init_PRE_KERNEL_130_00008_
                0x0000000008005574        0x8 zephyr/drivers/clock_control/libdrivers__clock_control.a(clock_control_silabs_series.c.obj)
 .z_init_PRE_KERNEL_139_00009_
                0x000000000800557c        0x8 zephyr/drivers/gpio/libdrivers__gpio.a(gpio_gecko.c.obj)
 .z_init_PRE_KERNEL_150_00064_
                0x0000000008005584        0x8 zephyr/drivers/serial/libdrivers__serial.a(uart_gecko.c.obj)
 .z_init_PRE_KERNEL_160_0_
                0x000000000800558c        0x8 zephyr/drivers/console/libdrivers__console.a(uart_console.c.obj)
                0x0000000008005594                __init_PRE_KERNEL_2_start = .
 *(SORT_BY_NAME(SORT_BY_ALIGNMENT(.z_init_PRE_KERNEL_2?_*)))
 .z_init_PRE_KERNEL_20_0_
                0x0000000008005594        0x8 zephyr/drivers/timer/libdrivers__timer.a(silabs_sleeptimer_timer.c.obj)
 *(SORT_BY_NAME(SORT_BY_ALIGNMENT(.z_init_PRE_KERNEL_2??_*)))
                0x000000000800559c                __init_POST_KERNEL_start = .
 *(SORT_BY_NAME(SORT_BY_ALIGNMENT(.z_init_POST_KERNEL?_*)))
 *(SORT_BY_NAME(SORT_BY_ALIGNMENT(.z_init_POST_KERNEL??_*)))
 .z_init_POST_KERNEL35_0_
                0x000000000800559c        0x8 zephyr/lib/libc/common/liblib__libc__common.a(malloc.c.obj)
 .z_init_POST_KERNEL40_00010_
                0x00000000080055a4        0x8 zephyr/drivers/gpio/libdrivers__gpio.a(gpio_gecko.c.obj)
 .z_init_POST_KERNEL40_00044_
                0x00000000080055ac        0x8 zephyr/drivers/gpio/libdrivers__gpio.a(gpio_gecko.c.obj)
 .z_init_POST_KERNEL40_00075_
                0x00000000080055b4        0x8 zephyr/drivers/gpio/libdrivers__gpio.a(gpio_gecko.c.obj)
 .z_init_POST_KERNEL40_00076_
                0x00000000080055bc        0x8 zephyr/drivers/gpio/libdrivers__gpio.a(gpio_gecko.c.obj)
 .z_init_POST_KERNEL41_0_
                0x00000000080055c4        0x8 zephyr/drivers/gpio/libdrivers__gpio.a(gpio_hogs.c.obj)
 .z_init_POST_KERNEL50_00079_
                0x00000000080055cc        0x8 zephyr/drivers/i2c/libdrivers__i2c.a(i2c_gecko.c.obj)
                0x00000000080055d4                __init_APPLICATION_start = .
 *(SORT_BY_NAME(SORT_BY_ALIGNMENT(.z_init_APPLICATION?_*)))
 *(SORT_BY_NAME(SORT_BY_ALIGNMENT(.z_init_APPLICATION??_*)))
                0x00000000080055d4                __init_SMP_start = .
 *(SORT_BY_NAME(SORT_BY_ALIGNMENT(.z_init_SMP?_*)))
 *(SORT_BY_NAME(SORT_BY_ALIGNMENT(.z_init_SMP??_*)))
                0x00000000080055d4                __init_end = .
                0x00000000080055d4                __deferred_init_list_start = .
 *(SORT_BY_ALIGNMENT(.z_deferred_init*))
                0x00000000080055d4                __deferred_init_list_end = .

device_area     0x00000000080055d4       0xa0
                0x00000000080055d4                _device_list_start = .
 *(SORT_BY_NAME(SORT_BY_ALIGNMENT(._device.static.*_?_*)))
 *(SORT_BY_NAME(SORT_BY_ALIGNMENT(._device.static.*_??_*)))
 ._device.static.1_30_
                0x00000000080055d4       0x14 zephyr/drivers/clock_control/libdrivers__clock_control.a(clock_control_silabs_series.c.obj)
                0x00000000080055d4                __device_dts_ord_8
 ._device.static.1_39_
                0x00000000080055e8       0x14 zephyr/drivers/gpio/libdrivers__gpio.a(gpio_gecko.c.obj)
                0x00000000080055e8                __device_dts_ord_9
 ._device.static.1_50_
                0x00000000080055fc       0x14 zephyr/drivers/serial/libdrivers__serial.a(uart_gecko.c.obj)
                0x00000000080055fc                __device_dts_ord_64
 ._device.static.3_40_
                0x0000000008005610       0x50 zephyr/drivers/gpio/libdrivers__gpio.a(gpio_gecko.c.obj)
                0x0000000008005610                __device_dts_ord_76
                0x0000000008005624                __device_dts_ord_75
                0x0000000008005638                __device_dts_ord_10
                0x000000000800564c                __device_dts_ord_44
 ._device.static.3_50_
                0x0000000008005660       0x14 zephyr/drivers/i2c/libdrivers__i2c.a(i2c_gecko.c.obj)
                0x0000000008005660                __device_dts_ord_79
                0x0000000008005674                _device_list_end = .

sw_isr_table    0x0000000008005674      0x258
                0x0000000008005674                . = ALIGN (0x4)
 *(SORT_BY_ALIGNMENT(.gnu.linkonce.sw_isr_table*))
 .gnu.linkonce.sw_isr_table
                0x0000000008005674      0x258 zephyr/CMakeFiles/zephyr_final.dir/isr_tables.c.obj
                0x0000000008005674                _sw_isr_table

initlevel_error
                0x0000000008005574        0x0
 *(SORT_BY_NAME(SORT_BY_ALIGNMENT(.z_init_[_A-Z0-9]*)))
                0x0000000000000001                ASSERT ((SIZEOF (initlevel_error) == 0x0), Undefined initialization levels used.)

app_shmem_regions
                0x00000000080058cc        0x0
                0x00000000080058cc                __app_shmem_regions_start = .
 *(SORT_BY_NAME(SORT_BY_ALIGNMENT(.app_regions.*)))
                0x00000000080058cc                __app_shmem_regions_end = .

k_p4wq_initparam_area
                0x00000000080058cc        0x0
                0x00000000080058cc                _k_p4wq_initparam_list_start = .
 *(SORT_BY_NAME(SORT_BY_ALIGNMENT(._k_p4wq_initparam.static.*)))
                0x00000000080058cc                _k_p4wq_initparam_list_end = .

_static_thread_data_area
                0x00000000080058cc        0x0
                0x00000000080058cc                __static_thread_data_list_start = .
 *(SORT_BY_NAME(SORT_BY_ALIGNMENT(.__static_thread_data.static.*)))
                0x00000000080058cc                __static_thread_data_list_end = .

device_deps     0x00000000080058cc        0x0
                0x00000000080058cc                __device_deps_start = .
 *(SORT_BY_NAME(SORT_BY_ALIGNMENT(.__device_deps_pass2*)))
                0x00000000080058cc                __device_deps_end = .

gpio_driver_api_area
                0x00000000080058cc       0x48
                0x00000000080058cc                _gpio_driver_api_list_start = .
 *(SORT_BY_NAME(SORT_BY_ALIGNMENT(._gpio_driver_api.static.*)))
 ._gpio_driver_api.static.gpio_gecko_common_driver_api_
                0x00000000080058cc       0x24 zephyr/drivers/gpio/libdrivers__gpio.a(gpio_gecko.c.obj)
 ._gpio_driver_api.static.gpio_gecko_driver_api_
                0x00000000080058f0       0x24 zephyr/drivers/gpio/libdrivers__gpio.a(gpio_gecko.c.obj)
                0x0000000008005914                _gpio_driver_api_list_end = .

i2c_driver_api_area
                0x0000000008005914       0x18
                0x0000000008005914                _i2c_driver_api_list_start = .
 *(SORT_BY_NAME(SORT_BY_ALIGNMENT(._i2c_driver_api.static.*)))
 ._i2c_driver_api.static.i2c_gecko_driver_api_
                0x0000000008005914       0x18 zephyr/drivers/i2c/libdrivers__i2c.a(i2c_gecko.c.obj)
                0x000000000800592c                _i2c_driver_api_list_end = .

i2c_target_driver_api_area
                0x000000000800592c        0x0
                0x000000000800592c                _i2c_target_driver_api_list_start = .
 *(SORT_BY_NAME(SORT_BY_ALIGNMENT(._i2c_target_driver_api.static.*)))
                0x000000000800592c                _i2c_target_driver_api_list_end = .

shared_irq_driver_api_area
                0x000000000800592c        0x0
                0x000000000800592c                _shared_irq_driver_api_list_start = .
 *(SORT_BY_NAME(SORT_BY_ALIGNMENT(._shared_irq_driver_api.static.*)))
                0x000000000800592c                _shared_irq_driver_api_list_end = .

crypto_driver_api_area
                0x000000000800592c        0x0
                0x000000000800592c                _crypto_driver_api_list_start = .
 *(SORT_BY_NAME(SORT_BY_ALIGNMENT(._crypto_driver_api.static.*)))
                0x000000000800592c                _crypto_driver_api_list_end = .

adc_driver_api_area
                0x000000000800592c        0x0
                0x000000000800592c                _adc_driver_api_list_start = .
 *(SORT_BY_NAME(SORT_BY_ALIGNMENT(._adc_driver_api.static.*)))
                0x000000000800592c                _adc_driver_api_list_end = .

auxdisplay_driver_api_area
                0x000000000800592c        0x0
                0x000000000800592c                _auxdisplay_driver_api_list_start = .
 *(SORT_BY_NAME(SORT_BY_ALIGNMENT(._auxdisplay_driver_api.static.*)))
                0x000000000800592c                _auxdisplay_driver_api_list_end = .

bbram_driver_api_area
                0x000000000800592c        0x0
                0x000000000800592c                _bbram_driver_api_list_start = .
 *(SORT_BY_NAME(SORT_BY_ALIGNMENT(._bbram_driver_api.static.*)))
                0x000000000800592c                _bbram_driver_api_list_end = .

bt_hci_driver_api_area
                0x000000000800592c        0x0
                0x000000000800592c                _bt_hci_driver_api_list_start = .
 *(SORT_BY_NAME(SORT_BY_ALIGNMENT(._bt_hci_driver_api.static.*)))
                0x000000000800592c                _bt_hci_driver_api_list_end = .

can_driver_api_area
                0x000000000800592c        0x0
                0x000000000800592c                _can_driver_api_list_start = .
 *(SORT_BY_NAME(SORT_BY_ALIGNMENT(._can_driver_api.static.*)))
                0x000000000800592c                _can_driver_api_list_end = .

cellular_driver_api_area
                0x000000000800592c        0x0
                0x000000000800592c                _cellular_driver_api_list_start = .
 *(SORT_BY_NAME(SORT_BY_ALIGNMENT(._cellular_driver_api.static.*)))
                0x000000000800592c                _cellular_driver_api_list_end = .

charger_driver_api_area
                0x000000000800592c        0x0
                0x000000000800592c                _charger_driver_api_list_start = .
 *(SORT_BY_NAME(SORT_BY_ALIGNMENT(._charger_driver_api.static.*)))
                0x000000000800592c                _charger_driver_api_list_end = .

clock_control_driver_api_area
                0x000000000800592c       0x1c
                0x000000000800592c                _clock_control_driver_api_list_start = .
 *(SORT_BY_NAME(SORT_BY_ALIGNMENT(._clock_control_driver_api.static.*)))
 ._clock_control_driver_api.static.silabs_clock_control_api_
                0x000000000800592c       0x1c zephyr/drivers/clock_control/libdrivers__clock_control.a(clock_control_silabs_series.c.obj)
                0x0000000008005948                _clock_control_driver_api_list_end = .

comparator_driver_api_area
                0x0000000008005948        0x0
                0x0000000008005948                _comparator_driver_api_list_start = .
 *(SORT_BY_NAME(SORT_BY_ALIGNMENT(._comparator_driver_api.static.*)))
                0x0000000008005948                _comparator_driver_api_list_end = .

coredump_driver_api_area
                0x0000000008005948        0x0
                0x0000000008005948                _coredump_driver_api_list_start = .
 *(SORT_BY_NAME(SORT_BY_ALIGNMENT(._coredump_driver_api.static.*)))
                0x0000000008005948                _coredump_driver_api_list_end = .

counter_driver_api_area
                0x0000000008005948        0x0
                0x0000000008005948                _counter_driver_api_list_start = .
 *(SORT_BY_NAME(SORT_BY_ALIGNMENT(._counter_driver_api.static.*)))
                0x0000000008005948                _counter_driver_api_list_end = .

dac_driver_api_area
                0x0000000008005948        0x0
                0x0000000008005948                _dac_driver_api_list_start = .
 *(SORT_BY_NAME(SORT_BY_ALIGNMENT(._dac_driver_api.static.*)))
                0x0000000008005948                _dac_driver_api_list_end = .

dai_driver_api_area
                0x0000000008005948        0x0
                0x0000000008005948                _dai_driver_api_list_start = .
 *(SORT_BY_NAME(SORT_BY_ALIGNMENT(._dai_driver_api.static.*)))
                0x0000000008005948                _dai_driver_api_list_end = .

display_driver_api_area
                0x0000000008005948        0x0
                0x0000000008005948                _display_driver_api_list_start = .
 *(SORT_BY_NAME(SORT_BY_ALIGNMENT(._display_driver_api.static.*)))
                0x0000000008005948                _display_driver_api_list_end = .

dma_driver_api_area
                0x0000000008005948        0x0
                0x0000000008005948                _dma_driver_api_list_start = .
 *(SORT_BY_NAME(SORT_BY_ALIGNMENT(._dma_driver_api.static.*)))
                0x0000000008005948                _dma_driver_api_list_end = .

edac_driver_api_area
                0x0000000008005948        0x0
                0x0000000008005948                _edac_driver_api_list_start = .
 *(SORT_BY_NAME(SORT_BY_ALIGNMENT(._edac_driver_api.static.*)))
                0x0000000008005948                _edac_driver_api_list_end = .

eeprom_driver_api_area
                0x0000000008005948        0x0
                0x0000000008005948                _eeprom_driver_api_list_start = .
 *(SORT_BY_NAME(SORT_BY_ALIGNMENT(._eeprom_driver_api.static.*)))
                0x0000000008005948                _eeprom_driver_api_list_end = .

emul_bbram_driver_api_area
                0x0000000008005948        0x0
                0x0000000008005948                _emul_bbram_driver_api_list_start = .
 *(SORT_BY_NAME(SORT_BY_ALIGNMENT(._emul_bbram_driver_api.static.*)))
                0x0000000008005948                _emul_bbram_driver_api_list_end = .

fuel_gauge_emul_driver_api_area
                0x0000000008005948        0x0
                0x0000000008005948                _fuel_gauge_emul_driver_api_list_start = .
 *(SORT_BY_NAME(SORT_BY_ALIGNMENT(._fuel_gauge_emul_driver_api.static.*)))
                0x0000000008005948                _fuel_gauge_emul_driver_api_list_end = .

emul_sensor_driver_api_area
                0x0000000008005948        0x0
                0x0000000008005948                _emul_sensor_driver_api_list_start = .
 *(SORT_BY_NAME(SORT_BY_ALIGNMENT(._emul_sensor_driver_api.static.*)))
                0x0000000008005948                _emul_sensor_driver_api_list_end = .

entropy_driver_api_area
                0x0000000008005948        0x0
                0x0000000008005948                _entropy_driver_api_list_start = .
 *(SORT_BY_NAME(SORT_BY_ALIGNMENT(._entropy_driver_api.static.*)))
                0x0000000008005948                _entropy_driver_api_list_end = .

espi_driver_api_area
                0x0000000008005948        0x0
                0x0000000008005948                _espi_driver_api_list_start = .
 *(SORT_BY_NAME(SORT_BY_ALIGNMENT(._espi_driver_api.static.*)))
                0x0000000008005948                _espi_driver_api_list_end = .

espi_saf_driver_api_area
                0x0000000008005948        0x0
                0x0000000008005948                _espi_saf_driver_api_list_start = .
 *(SORT_BY_NAME(SORT_BY_ALIGNMENT(._espi_saf_driver_api.static.*)))
                0x0000000008005948                _espi_saf_driver_api_list_end = .

flash_driver_api_area
                0x0000000008005948        0x0
                0x0000000008005948                _flash_driver_api_list_start = .
 *(SORT_BY_NAME(SORT_BY_ALIGNMENT(._flash_driver_api.static.*)))
                0x0000000008005948                _flash_driver_api_list_end = .

fpga_driver_api_area
                0x0000000008005948        0x0
                0x0000000008005948                _fpga_driver_api_list_start = .
 *(SORT_BY_NAME(SORT_BY_ALIGNMENT(._fpga_driver_api.static.*)))
                0x0000000008005948                _fpga_driver_api_list_end = .

fuel_gauge_driver_api_area
                0x0000000008005948        0x0
                0x0000000008005948                _fuel_gauge_driver_api_list_start = .
 *(SORT_BY_NAME(SORT_BY_ALIGNMENT(._fuel_gauge_driver_api.static.*)))
                0x0000000008005948                _fuel_gauge_driver_api_list_end = .

gnss_driver_api_area
                0x0000000008005948        0x0
                0x0000000008005948                _gnss_driver_api_list_start = .
 *(SORT_BY_NAME(SORT_BY_ALIGNMENT(._gnss_driver_api.static.*)))
                0x0000000008005948                _gnss_driver_api_list_end = .

haptics_driver_api_area
                0x0000000008005948        0x0
                0x0000000008005948                _haptics_driver_api_list_start = .
 *(SORT_BY_NAME(SORT_BY_ALIGNMENT(._haptics_driver_api.static.*)))
                0x0000000008005948                _haptics_driver_api_list_end = .

hwspinlock_driver_api_area
                0x0000000008005948        0x0
                0x0000000008005948                _hwspinlock_driver_api_list_start = .
 *(SORT_BY_NAME(SORT_BY_ALIGNMENT(._hwspinlock_driver_api.static.*)))
                0x0000000008005948                _hwspinlock_driver_api_list_end = .

i2s_driver_api_area
                0x0000000008005948        0x0
                0x0000000008005948                _i2s_driver_api_list_start = .
 *(SORT_BY_NAME(SORT_BY_ALIGNMENT(._i2s_driver_api.static.*)))
                0x0000000008005948                _i2s_driver_api_list_end = .

i3c_driver_api_area
                0x0000000008005948        0x0
                0x0000000008005948                _i3c_driver_api_list_start = .
 *(SORT_BY_NAME(SORT_BY_ALIGNMENT(._i3c_driver_api.static.*)))
                0x0000000008005948                _i3c_driver_api_list_end = .

ipm_driver_api_area
                0x0000000008005948        0x0
                0x0000000008005948                _ipm_driver_api_list_start = .
 *(SORT_BY_NAME(SORT_BY_ALIGNMENT(._ipm_driver_api.static.*)))
                0x0000000008005948                _ipm_driver_api_list_end = .

kscan_driver_api_area
                0x0000000008005948        0x0
                0x0000000008005948                _kscan_driver_api_list_start = .
 *(SORT_BY_NAME(SORT_BY_ALIGNMENT(._kscan_driver_api.static.*)))
                0x0000000008005948                _kscan_driver_api_list_end = .

led_driver_api_area
                0x0000000008005948        0x0
                0x0000000008005948                _led_driver_api_list_start = .
 *(SORT_BY_NAME(SORT_BY_ALIGNMENT(._led_driver_api.static.*)))
                0x0000000008005948                _led_driver_api_list_end = .

led_strip_driver_api_area
                0x0000000008005948        0x0
                0x0000000008005948                _led_strip_driver_api_list_start = .
 *(SORT_BY_NAME(SORT_BY_ALIGNMENT(._led_strip_driver_api.static.*)))
                0x0000000008005948                _led_strip_driver_api_list_end = .

lora_driver_api_area
                0x0000000008005948        0x0
                0x0000000008005948                _lora_driver_api_list_start = .
 *(SORT_BY_NAME(SORT_BY_ALIGNMENT(._lora_driver_api.static.*)))
                0x0000000008005948                _lora_driver_api_list_end = .

mbox_driver_api_area
                0x0000000008005948        0x0
                0x0000000008005948                _mbox_driver_api_list_start = .
 *(SORT_BY_NAME(SORT_BY_ALIGNMENT(._mbox_driver_api.static.*)))
                0x0000000008005948                _mbox_driver_api_list_end = .

mdio_driver_api_area
                0x0000000008005948        0x0
                0x0000000008005948                _mdio_driver_api_list_start = .
 *(SORT_BY_NAME(SORT_BY_ALIGNMENT(._mdio_driver_api.static.*)))
                0x0000000008005948                _mdio_driver_api_list_end = .

mipi_dbi_driver_api_area
                0x0000000008005948        0x0
                0x0000000008005948                _mipi_dbi_driver_api_list_start = .
 *(SORT_BY_NAME(SORT_BY_ALIGNMENT(._mipi_dbi_driver_api.static.*)))
                0x0000000008005948                _mipi_dbi_driver_api_list_end = .

mipi_dsi_driver_api_area
                0x0000000008005948        0x0
                0x0000000008005948                _mipi_dsi_driver_api_list_start = .
 *(SORT_BY_NAME(SORT_BY_ALIGNMENT(._mipi_dsi_driver_api.static.*)))
                0x0000000008005948                _mipi_dsi_driver_api_list_end = .

mspi_driver_api_area
                0x0000000008005948        0x0
                0x0000000008005948                _mspi_driver_api_list_start = .
 *(SORT_BY_NAME(SORT_BY_ALIGNMENT(._mspi_driver_api.static.*)))
                0x0000000008005948                _mspi_driver_api_list_end = .

peci_driver_api_area
                0x0000000008005948        0x0
                0x0000000008005948                _peci_driver_api_list_start = .
 *(SORT_BY_NAME(SORT_BY_ALIGNMENT(._peci_driver_api.static.*)))
                0x0000000008005948                _peci_driver_api_list_end = .

ps2_driver_api_area
                0x0000000008005948        0x0
                0x0000000008005948                _ps2_driver_api_list_start = .
 *(SORT_BY_NAME(SORT_BY_ALIGNMENT(._ps2_driver_api.static.*)))
                0x0000000008005948                _ps2_driver_api_list_end = .

ptp_clock_driver_api_area
                0x0000000008005948        0x0
                0x0000000008005948                _ptp_clock_driver_api_list_start = .
 *(SORT_BY_NAME(SORT_BY_ALIGNMENT(._ptp_clock_driver_api.static.*)))
                0x0000000008005948                _ptp_clock_driver_api_list_end = .

pwm_driver_api_area
                0x0000000008005948        0x0
                0x0000000008005948                _pwm_driver_api_list_start = .
 *(SORT_BY_NAME(SORT_BY_ALIGNMENT(._pwm_driver_api.static.*)))
                0x0000000008005948                _pwm_driver_api_list_end = .

regulator_parent_driver_api_area
                0x0000000008005948        0x0
                0x0000000008005948                _regulator_parent_driver_api_list_start = .
 *(SORT_BY_NAME(SORT_BY_ALIGNMENT(._regulator_parent_driver_api.static.*)))
                0x0000000008005948                _regulator_parent_driver_api_list_end = .

regulator_driver_api_area
                0x0000000008005948        0x0
                0x0000000008005948                _regulator_driver_api_list_start = .
 *(SORT_BY_NAME(SORT_BY_ALIGNMENT(._regulator_driver_api.static.*)))
                0x0000000008005948                _regulator_driver_api_list_end = .

reset_driver_api_area
                0x0000000008005948        0x0
                0x0000000008005948                _reset_driver_api_list_start = .
 *(SORT_BY_NAME(SORT_BY_ALIGNMENT(._reset_driver_api.static.*)))
                0x0000000008005948                _reset_driver_api_list_end = .

retained_mem_driver_api_area
                0x0000000008005948        0x0
                0x0000000008005948                _retained_mem_driver_api_list_start = .
 *(SORT_BY_NAME(SORT_BY_ALIGNMENT(._retained_mem_driver_api.static.*)))
                0x0000000008005948                _retained_mem_driver_api_list_end = .

rtc_driver_api_area
                0x0000000008005948        0x0
                0x0000000008005948                _rtc_driver_api_list_start = .
 *(SORT_BY_NAME(SORT_BY_ALIGNMENT(._rtc_driver_api.static.*)))
                0x0000000008005948                _rtc_driver_api_list_end = .

sdhc_driver_api_area
                0x0000000008005948        0x0
                0x0000000008005948                _sdhc_driver_api_list_start = .
 *(SORT_BY_NAME(SORT_BY_ALIGNMENT(._sdhc_driver_api.static.*)))
                0x0000000008005948                _sdhc_driver_api_list_end = .

sensor_driver_api_area
                0x0000000008005948        0x0
                0x0000000008005948                _sensor_driver_api_list_start = .
 *(SORT_BY_NAME(SORT_BY_ALIGNMENT(._sensor_driver_api.static.*)))
                0x0000000008005948                _sensor_driver_api_list_end = .

smbus_driver_api_area
                0x0000000008005948        0x0
                0x0000000008005948                _smbus_driver_api_list_start = .
 *(SORT_BY_NAME(SORT_BY_ALIGNMENT(._smbus_driver_api.static.*)))
                0x0000000008005948                _smbus_driver_api_list_end = .

spi_driver_api_area
                0x0000000008005948        0x0
                0x0000000008005948                _spi_driver_api_list_start = .
 *(SORT_BY_NAME(SORT_BY_ALIGNMENT(._spi_driver_api.static.*)))
                0x0000000008005948                _spi_driver_api_list_end = .

stepper_driver_api_area
                0x0000000008005948        0x0
                0x0000000008005948                _stepper_driver_api_list_start = .
 *(SORT_BY_NAME(SORT_BY_ALIGNMENT(._stepper_driver_api.static.*)))
                0x0000000008005948                _stepper_driver_api_list_end = .

syscon_driver_api_area
                0x0000000008005948        0x0
                0x0000000008005948                _syscon_driver_api_list_start = .
 *(SORT_BY_NAME(SORT_BY_ALIGNMENT(._syscon_driver_api.static.*)))
                0x0000000008005948                _syscon_driver_api_list_end = .

tee_driver_api_area
                0x0000000008005948        0x0
                0x0000000008005948                _tee_driver_api_list_start = .
 *(SORT_BY_NAME(SORT_BY_ALIGNMENT(._tee_driver_api.static.*)))
                0x0000000008005948                _tee_driver_api_list_end = .

video_driver_api_area
                0x0000000008005948        0x0
                0x0000000008005948                _video_driver_api_list_start = .
 *(SORT_BY_NAME(SORT_BY_ALIGNMENT(._video_driver_api.static.*)))
                0x0000000008005948                _video_driver_api_list_end = .

w1_driver_api_area
                0x0000000008005948        0x0
                0x0000000008005948                _w1_driver_api_list_start = .
 *(SORT_BY_NAME(SORT_BY_ALIGNMENT(._w1_driver_api.static.*)))
                0x0000000008005948                _w1_driver_api_list_end = .

wdt_driver_api_area
                0x0000000008005948        0x0
                0x0000000008005948                _wdt_driver_api_list_start = .
 *(SORT_BY_NAME(SORT_BY_ALIGNMENT(._wdt_driver_api.static.*)))
                0x0000000008005948                _wdt_driver_api_list_end = .

can_transceiver_driver_api_area
                0x0000000008005948        0x0
                0x0000000008005948                _can_transceiver_driver_api_list_start = .
 *(SORT_BY_NAME(SORT_BY_ALIGNMENT(._can_transceiver_driver_api.static.*)))
                0x0000000008005948                _can_transceiver_driver_api_list_end = .

nrf_clock_control_driver_api_area
                0x0000000008005948        0x0
                0x0000000008005948                _nrf_clock_control_driver_api_list_start = .
 *(SORT_BY_NAME(SORT_BY_ALIGNMENT(._nrf_clock_control_driver_api.static.*)))
                0x0000000008005948                _nrf_clock_control_driver_api_list_end = .

i3c_target_driver_api_area
                0x0000000008005948        0x0
                0x0000000008005948                _i3c_target_driver_api_list_start = .
 *(SORT_BY_NAME(SORT_BY_ALIGNMENT(._i3c_target_driver_api.static.*)))
                0x0000000008005948                _i3c_target_driver_api_list_end = .

its_driver_api_area
                0x0000000008005948        0x0
                0x0000000008005948                _its_driver_api_list_start = .
 *(SORT_BY_NAME(SORT_BY_ALIGNMENT(._its_driver_api.static.*)))
                0x0000000008005948                _its_driver_api_list_end = .

vtd_driver_api_area
                0x0000000008005948        0x0
                0x0000000008005948                _vtd_driver_api_list_start = .
 *(SORT_BY_NAME(SORT_BY_ALIGNMENT(._vtd_driver_api.static.*)))
                0x0000000008005948                _vtd_driver_api_list_end = .

tgpio_driver_api_area
                0x0000000008005948        0x0
                0x0000000008005948                _tgpio_driver_api_list_start = .
 *(SORT_BY_NAME(SORT_BY_ALIGNMENT(._tgpio_driver_api.static.*)))
                0x0000000008005948                _tgpio_driver_api_list_end = .

pcie_ctrl_driver_api_area
                0x0000000008005948        0x0
                0x0000000008005948                _pcie_ctrl_driver_api_list_start = .
 *(SORT_BY_NAME(SORT_BY_ALIGNMENT(._pcie_ctrl_driver_api.static.*)))
                0x0000000008005948                _pcie_ctrl_driver_api_list_end = .

pcie_ep_driver_api_area
                0x0000000008005948        0x0
                0x0000000008005948                _pcie_ep_driver_api_list_start = .
 *(SORT_BY_NAME(SORT_BY_ALIGNMENT(._pcie_ep_driver_api.static.*)))
                0x0000000008005948                _pcie_ep_driver_api_list_end = .

svc_driver_api_area
                0x0000000008005948        0x0
                0x0000000008005948                _svc_driver_api_list_start = .
 *(SORT_BY_NAME(SORT_BY_ALIGNMENT(._svc_driver_api.static.*)))
                0x0000000008005948                _svc_driver_api_list_end = .

uart_driver_api_area
                0x0000000008005948       0x14
                0x0000000008005948                _uart_driver_api_list_start = .
 *(SORT_BY_NAME(SORT_BY_ALIGNMENT(._uart_driver_api.static.*)))
 ._uart_driver_api.static.uart_gecko_driver_api_
                0x0000000008005948       0x14 zephyr/drivers/serial/libdrivers__serial.a(uart_gecko.c.obj)
                0x000000000800595c                _uart_driver_api_list_end = .

bc12_emul_driver_api_area
                0x000000000800595c        0x0
                0x000000000800595c                _bc12_emul_driver_api_list_start = .
 *(SORT_BY_NAME(SORT_BY_ALIGNMENT(._bc12_emul_driver_api.static.*)))
                0x000000000800595c                _bc12_emul_driver_api_list_end = .

bc12_driver_api_area
                0x000000000800595c        0x0
                0x000000000800595c                _bc12_driver_api_list_start = .
 *(SORT_BY_NAME(SORT_BY_ALIGNMENT(._bc12_driver_api.static.*)))
                0x000000000800595c                _bc12_driver_api_list_end = .

usbc_ppc_driver_api_area
                0x000000000800595c        0x0
                0x000000000800595c                _usbc_ppc_driver_api_list_start = .
 *(SORT_BY_NAME(SORT_BY_ALIGNMENT(._usbc_ppc_driver_api.static.*)))
                0x000000000800595c                _usbc_ppc_driver_api_list_end = .

tcpc_driver_api_area
                0x000000000800595c        0x0
                0x000000000800595c                _tcpc_driver_api_list_start = .
 *(SORT_BY_NAME(SORT_BY_ALIGNMENT(._tcpc_driver_api.static.*)))
                0x000000000800595c                _tcpc_driver_api_list_end = .

usbc_vbus_driver_api_area
                0x000000000800595c        0x0
                0x000000000800595c                _usbc_vbus_driver_api_list_start = .
 *(SORT_BY_NAME(SORT_BY_ALIGNMENT(._usbc_vbus_driver_api.static.*)))
                0x000000000800595c                _usbc_vbus_driver_api_list_end = .

ivshmem_driver_api_area
                0x000000000800595c        0x0
                0x000000000800595c                _ivshmem_driver_api_list_start = .
 *(SORT_BY_NAME(SORT_BY_ALIGNMENT(._ivshmem_driver_api.static.*)))
                0x000000000800595c                _ivshmem_driver_api_list_end = .

ethphy_driver_api_area
                0x000000000800595c        0x0
                0x000000000800595c                _ethphy_driver_api_list_start = .
 *(SORT_BY_NAME(SORT_BY_ALIGNMENT(._ethphy_driver_api.static.*)))
                0x000000000800595c                _ethphy_driver_api_list_end = .

ztest           0x000000000800595c        0x0
                0x000000000800595c                _ztest_expected_result_entry_list_start = .
 *(SORT_BY_NAME(SORT_BY_ALIGNMENT(._ztest_expected_result_entry.static.*)))
                0x000000000800595c                _ztest_expected_result_entry_list_end = .
                0x000000000800595c                _ztest_suite_node_list_start = .
 *(SORT_BY_NAME(SORT_BY_ALIGNMENT(._ztest_suite_node.static.*)))
                0x000000000800595c                _ztest_suite_node_list_end = .
                0x000000000800595c                _ztest_unit_test_list_start = .
 *(SORT_BY_NAME(SORT_BY_ALIGNMENT(._ztest_unit_test.static.*)))
                0x000000000800595c                _ztest_unit_test_list_end = .
                0x000000000800595c                _ztest_test_rule_list_start = .
 *(SORT_BY_NAME(SORT_BY_ALIGNMENT(._ztest_test_rule.static.*)))
                0x000000000800595c                _ztest_test_rule_list_end = .

init_array      0x000000000800595c        0x0
 *(SORT_BY_NAME(SORT_BY_ALIGNMENT(.ctors*)))
 *(SORT_BY_NAME(SORT_BY_ALIGNMENT(.init_array*)))
                0x0000000000000001                ASSERT ((SIZEOF (init_array) == 0x0), GNU-style constructors required but STATIC_INIT_GNU not enabled)

bt_l2cap_fixed_chan_area
                0x000000000800595c        0x0
                0x000000000800595c                _bt_l2cap_fixed_chan_list_start = .
 *(SORT_BY_NAME(SORT_BY_ALIGNMENT(._bt_l2cap_fixed_chan.static.*)))
                0x000000000800595c                _bt_l2cap_fixed_chan_list_end = .

bt_gatt_service_static_area
                0x000000000800595c        0x0
                0x000000000800595c                _bt_gatt_service_static_list_start = .
 *(SORT_BY_NAME(SORT_BY_ALIGNMENT(._bt_gatt_service_static.static.*)))
                0x000000000800595c                _bt_gatt_service_static_list_end = .

log_strings_area
                0x000000000800595c        0x0
                0x000000000800595c                _log_strings_list_start = .
 *(SORT_BY_NAME(SORT_BY_ALIGNMENT(._log_strings.static.*)))
                0x000000000800595c                _log_strings_list_end = .

log_stmesp_ptr_area
                0x000000000800595c        0x0
                0x000000000800595c                _log_stmesp_ptr_list_start = .
 *(SORT_BY_NAME(SORT_BY_ALIGNMENT(._log_stmesp_ptr.static.*)))
                0x000000000800595c                _log_stmesp_ptr_list_end = .

log_stmesp_str_area
                0x000000000800595c        0x0
                0x000000000800595c                _log_stmesp_str_list_start = .
 *(SORT_BY_NAME(SORT_BY_ALIGNMENT(._log_stmesp_str.static.*)))
                0x000000000800595c                _log_stmesp_str_list_end = .

log_const_area  0x000000000800595c        0x0
                0x000000000800595c                _log_const_list_start = .
 *(SORT_BY_NAME(SORT_BY_ALIGNMENT(._log_const.static.*)))
                0x000000000800595c                _log_const_list_end = .

log_backend_area
                0x000000000800595c        0x0
                0x000000000800595c                _log_backend_list_start = .
 *(SORT_BY_NAME(SORT_BY_ALIGNMENT(._log_backend.static.*)))
                0x000000000800595c                _log_backend_list_end = .

log_link_area   0x000000000800595c        0x0
                0x000000000800595c                _log_link_list_start = .
 *(SORT_BY_NAME(SORT_BY_ALIGNMENT(._log_link.static.*)))
                0x000000000800595c                _log_link_list_end = .

tracing_backend_area
                0x000000000800595c        0x0
                0x000000000800595c                _tracing_backend_list_start = .
 *(SORT_BY_NAME(SORT_BY_ALIGNMENT(._tracing_backend.static.*)))
                0x000000000800595c                _tracing_backend_list_end = .

zephyr_dbg_info
 *(SORT_BY_ALIGNMENT(.dbg_thread_info))

intc_table_area
                0x000000000800595c        0x0
                0x000000000800595c                _intc_table_list_start = .
 *(SORT_BY_NAME(SORT_BY_ALIGNMENT(._intc_table.static.*)))
                0x000000000800595c                _intc_table_list_end = .

symbol_to_keep  0x000000000800595c        0x0
                0x000000000800595c                __symbol_to_keep_start = .
 *(SORT_BY_NAME(SORT_BY_ALIGNMENT(.symbol_to_keep*)))
                0x000000000800595c                __symbol_to_keep_end = .

shell_area      0x000000000800595c        0x0
                0x000000000800595c                _shell_list_start = .
 *(SORT_BY_NAME(SORT_BY_ALIGNMENT(._shell.static.*)))
                0x000000000800595c                _shell_list_end = .

shell_root_cmds_area
                0x000000000800595c        0x0
                0x000000000800595c                _shell_root_cmds_list_start = .
 *(SORT_BY_NAME(SORT_BY_ALIGNMENT(._shell_root_cmds.static.*)))
                0x000000000800595c                _shell_root_cmds_list_end = .

shell_subcmds_area
                0x000000000800595c        0x0
                0x000000000800595c                _shell_subcmds_list_start = .
 *(SORT_BY_NAME(SORT_BY_ALIGNMENT(._shell_subcmds.static.*)))
                0x000000000800595c                _shell_subcmds_list_end = .

shell_dynamic_subcmds_area
                0x000000000800595c        0x0
                0x000000000800595c                _shell_dynamic_subcmds_list_start = .
 *(SORT_BY_NAME(SORT_BY_ALIGNMENT(._shell_dynamic_subcmds.static.*)))
                0x000000000800595c                _shell_dynamic_subcmds_list_end = .

cfb_font_area   0x000000000800595c        0x0
                0x000000000800595c                _cfb_font_list_start = .
 *(SORT_BY_NAME(SORT_BY_ALIGNMENT(._cfb_font.static.*)))
                0x000000000800595c                _cfb_font_list_end = .

tdata           0x000000000800595c        0x0
 *(SORT_BY_ALIGNMENT(.tdata) SORT_BY_ALIGNMENT(.tdata.*) SORT_BY_ALIGNMENT(.gnu.linkonce.td.*))

tbss            0x000000000800595c        0x4
 *(SORT_BY_ALIGNMENT(.tbss) SORT_BY_ALIGNMENT(.tbss.*) SORT_BY_ALIGNMENT(.gnu.linkonce.tb.*) SORT_BY_ALIGNMENT(.tcommon))
 .tbss.z_tls_current
                0x000000000800595c        0x4 zephyr/libzephyr.a(thread_entry.c.obj)
                0x000000000800595c                z_tls_current
                0x000000000800595c                PROVIDE (__tdata_start = LOADADDR (tdata))
                0x0000000000000001                PROVIDE (__tdata_align = ALIGNOF (tdata))
                0x0000000000000000                PROVIDE (__tdata_size = (((SIZEOF (tdata) + __tdata_align) - 0x1) & ~ ((__tdata_align - 0x1))))
                [!provide]                        PROVIDE (__tdata_end = (__tdata_start + __tdata_size))
                0x0000000000000004                PROVIDE (__tbss_align = ALIGNOF (tbss))
                [!provide]                        PROVIDE (__tbss_start = ADDR (tbss))
                0x0000000000000004                PROVIDE (__tbss_size = (((SIZEOF (tbss) + __tbss_align) - 0x1) & ~ ((__tbss_align - 0x1))))
                [!provide]                        PROVIDE (__tbss_end = (__tbss_start + __tbss_size))
                [!provide]                        PROVIDE (__tls_start = __tdata_start)
                [!provide]                        PROVIDE (__tls_end = __tbss_end)
                [!provide]                        PROVIDE (__tls_size = (__tbss_end - __tdata_start))

rodata          0x000000000800595c      0x42c
 *(SORT_BY_ALIGNMENT(.rodata))
 .rodata        0x000000000800595c       0x3c zephyr/libzephyr.a(sl_clock_manager_init_hal_s2.c.obj)
 .rodata        0x0000000008005998       0x10 zephyr/drivers/i2c/libdrivers__i2c.a(i2c_gecko.c.obj)
 .rodata        0x00000000080059a8       0x1c zephyr/drivers/serial/libdrivers__serial.a(uart_gecko.c.obj)
 .rodata        0x00000000080059c4        0x7 zephyr/libzephyr.a(sl_device_init_dcdc_s2.c.obj)
 *(SORT_BY_ALIGNMENT(.rodata.*))
 *fill*         0x00000000080059cb        0x1 
 .rodata.mem_attr_region
                0x00000000080059cc        0x0 zephyr/libzephyr.a(mem_attr.c.obj)
 .rodata.sl_peripheral_val_sysrtc0
                0x00000000080059cc        0xc zephyr/libzephyr.a(sl_device_peripheral_hal_efr32xg24.c.obj)
                0x00000000080059cc                sl_peripheral_val_sysrtc0